<?xml version="1.0" encoding="UTF-8"?>
<TestRun id="54205ce8-df6f-4d8a-8280-aaba989eb731" name="GH@GH-PC 2010-11-28 13:00:21" runUser="GH-PC\GH" xmlns="http://microsoft.com/schemas/VisualStudio/TeamTest/2010">
  <TestSettings name="Local" id="bb1d265e-4737-41bc-af0d-b611d037b4bb">
    <Description>These are default test settings for a local test run.</Description>
    <Deployment userDeploymentRoot="H:\Project\第五届\Miku\TestResults" useDefaultDeploymentRoot="false" enabled="false" runDeploymentRoot="GH_GH-PC 2010-11-28 13_00_21">
      <DeploymentItem filename="H:\Project\第五届\Miku\Miku.DAL\bin\Debug\Miku.DAL.dll" />
    </Deployment>
    <Execution>
      <TestTypeSpecific />
      <AgentRule name="Execution Agents">
      </AgentRule>
    </Execution>
  </TestSettings>
  <Times creation="2010-11-28T13:00:21.8028755+08:00" queuing="2010-11-28T13:00:30.6863836+08:00" start="2010-11-28T13:00:31.0054019+08:00" finish="2010-11-28T13:00:44.5661775+08:00" />
  <ResultSummary outcome="Failed">
    <Counters total="1" executed="1" error="0" failed="1" timeout="0" aborted="0" inconclusive="0" passedButRunAborted="0" notRunnable="0" notExecuted="0" disconnected="0" warning="0" passed="0" completed="0" inProgress="0" pending="0" />
  </ResultSummary>
  <TestDefinitions>
    <UnitTest name="TestMethod1" storage="h:\project\第五届\miku\miku.test\bin\debug\miku.dal.test.dll" id="37000805-e3d3-d194-910e-da500061ff69">
      <Execution id="bfb6e569-2559-4a7a-969d-8ed05a927e02" />
      <TestMethod codeBase="H:/Project/第五届/Miku/Miku.Test/bin/Debug/Miku.DAL.Test.DLL" adapterTypeName="Microsoft.VisualStudio.TestTools.TestTypes.Unit.UnitTestAdapter, Microsoft.VisualStudio.QualityTools.Tips.UnitTest.Adapter, Version=10.0.0.0, Culture=neutral, PublicKeyToken=b03f5f7f11d50a3a" className="Miku.DAL.Test.UnitTest1, Miku.DAL.Test, Version=1.0.0.0, Culture=neutral, PublicKeyToken=null" name="TestMethod1" />
    </UnitTest>
  </TestDefinitions>
  <TestLists>
    <TestList name="Results Not in a List" id="8c84fa94-04c1-424b-9868-57a2d4851a1d" />
    <TestList name="All Loaded Results" id="19431567-8539-422a-85d7-44ee4e166bda" />
  </TestLists>
  <TestEntries>
    <TestEntry testId="37000805-e3d3-d194-910e-da500061ff69" executionId="bfb6e569-2559-4a7a-969d-8ed05a927e02" testListId="8c84fa94-04c1-424b-9868-57a2d4851a1d" />
  </TestEntries>
  <Results>
    <UnitTestResult executionId="bfb6e569-2559-4a7a-969d-8ed05a927e02" testId="37000805-e3d3-d194-910e-da500061ff69" testName="TestMethod1" computerName="GH-PC" duration="00:00:11.1765287" startTime="2010-11-28T13:00:31.2754173+08:00" endTime="2010-11-28T13:00:44.3111629+08:00" testType="13cdc9d9-ddb5-4fa4-a97d-d965ccfc6d4b" outcome="Failed" testListId="8c84fa94-04c1-424b-9868-57a2d4851a1d" relativeResultsDirectory="bfb6e569-2559-4a7a-969d-8ed05a927e02">
      <Output>
        <ErrorInfo>
          <Message>测试方法 Miku.DAL.Test.UnitTest1.TestMethod1 引发了异常: 
System.InvalidOperationException: 由于“Table(SystemUser)”没有主键，因此无法在其上执行 Create、Update 或 Delete 操作。</Message>
          <StackTrace>    在 System.Data.Linq.Table`1.CheckReadOnly()
   在 System.Data.Linq.Table`1.InsertOnSubmit(TEntity entity)
   在 Miku.DAL.Test.UnitTest1.TestMethod1() 位置 H:\Project\第五届\Miku\Miku.Test\UnitTest1.cs:行号 20
</StackTrace>
        </ErrorInfo>
      </Output>
    </UnitTestResult>
  </Results>
</TestRun>