<?xml version="1.0" encoding="UTF-8"?>
<TestRun id="e0259d6f-66d2-44c3-bebb-67c7a04c8af0" name="GH@GH-PC 2011-01-09 10:05:20" runUser="GH-PC\GH" xmlns="http://microsoft.com/schemas/VisualStudio/TeamTest/2010">
  <TestSettings name="Trace and Test Impact" id="d5905610-2a10-4318-8485-fca1acb20569">
    <Description>These are test settings for Trace and Test Impact.</Description>
    <Deployment runDeploymentRoot="GH_GH-PC 2011-01-09 10_05_20">
      <DeploymentItem filename="H:\Project\第五届\SimpleMiku\Miku.DAL\bin\Debug\Miku.DAL.dll" />
    </Deployment>
    <Execution>
      <TestTypeSpecific />
      <AgentRule name="Execution Agents">
        <DataCollectors>
          <DataCollector uri="datacollector://microsoft/ActionLog/1.0" assemblyQualifiedName="Microsoft.VisualStudio.TestTools.ManualTest.ActionLog.ActionLogPlugin, Microsoft.VisualStudio.TestTools.ManualTest.ActionLog, Version=10.0.0.0, Culture=neutral, PublicKeyToken=b03f5f7f11d50a3a" friendlyName="Actions">
          </DataCollector>
          <DataCollector uri="datacollector://microsoft/SystemInfo/1.0" assemblyQualifiedName="Microsoft.VisualStudio.TestTools.DataCollection.SystemInfo.SystemInfoDataCollector, Microsoft.VisualStudio.TestTools.DataCollection.SystemInfo, Version=10.0.0.0, Culture=neutral, PublicKeyToken=b03f5f7f11d50a3a" friendlyName="System Information">
          </DataCollector>
          <DataCollector uri="datacollector://microsoft/HttpProxy/1.0" assemblyQualifiedName="Microsoft.VisualStudio.TraceCollector.HttpProxyCollector, Microsoft.VisualStudio.TraceCollector, Version=10.0.0.0, Culture=neutral, PublicKeyToken=b03f5f7f11d50a3a" friendlyName="ASP.NET Client Proxy for IntelliTrace and Test Impact">
          </DataCollector>
          <DataCollector uri="datacollector://microsoft/TestImpact/1.0" assemblyQualifiedName="Microsoft.VisualStudio.TraceCollector.TestImpactDataCollector, Microsoft.VisualStudio.TraceCollector, Version=10.0.0.0, Culture=neutral, PublicKeyToken=b03f5f7f11d50a3a" friendlyName="Test Impact">
          </DataCollector>
          <DataCollector uri="datacollector://microsoft/TraceDebugger/1.0" assemblyQualifiedName="Microsoft.VisualStudio.TraceCollector.TraceDebuggerDataCollector, Microsoft.VisualStudio.TraceCollector, Version=10.0.0.0, Culture=neutral, PublicKeyToken=b03f5f7f11d50a3a" friendlyName="IntelliTrace">
          </DataCollector>
        </DataCollectors>
      </AgentRule>
    </Execution>
  </TestSettings>
  <Times creation="2011-01-09T10:05:20.7080766+08:00" queuing="2011-01-09T10:05:21.5341238+08:00" start="2011-01-09T10:05:38.2940824+08:00" finish="2011-01-09T10:05:45.6565035+08:00" />
  <ResultSummary outcome="Completed">
    <Counters total="4" executed="4" passed="4" error="0" failed="0" timeout="0" aborted="0" inconclusive="0" passedButRunAborted="0" notRunnable="0" notExecuted="0" disconnected="0" warning="0" completed="0" inProgress="0" pending="0" />
    <CollectorDataEntries>
      <Collector agentName="GH-PC" uri="datacollector://microsoft/SystemInfo/1.0" collectorDisplayName="System Information">
        <UriAttachments>
          <UriAttachment>
            <A href="GH-PC\SystemInformation.xml">GH-PC 中的系统信息</A>
          </UriAttachment>
        </UriAttachments>
      </Collector>
    </CollectorDataEntries>
  </ResultSummary>
  <TestDefinitions>
    <UnitTest name="AddSystemUserTest" storage="h:\project\第五届\simplemiku\miku.test\bin\debug\miku.dal.test.dll" id="cb426fa7-d3c8-c49c-754d-7f807e020ea4">
      <Execution id="7f6647fa-5c66-4bc5-afe7-176d62670a77" />
      <TestMethod codeBase="H:/Project/第五届/SimpleMiku/Miku.Test/bin/Debug/Miku.DAL.Test.DLL" adapterTypeName="Microsoft.VisualStudio.TestTools.TestTypes.Unit.UnitTestAdapter, Microsoft.VisualStudio.QualityTools.Tips.UnitTest.Adapter, Version=10.0.0.0, Culture=neutral, PublicKeyToken=b03f5f7f11d50a3a" className="Miku.DAL.Test.DataAccessTest, Miku.DAL.Test, Version=1.0.0.0, Culture=neutral, PublicKeyToken=null" name="AddSystemUserTest" />
    </UnitTest>
    <UnitTest name="UpdateSystemUserTest" storage="h:\project\第五届\simplemiku\miku.test\bin\debug\miku.dal.test.dll" id="98c7fe14-f1ac-4f77-d7a3-583cc3316077">
      <Execution id="d23bb85d-e326-499c-9cd4-ef4d6eb84cff" />
      <TestMethod codeBase="H:/Project/第五届/SimpleMiku/Miku.Test/bin/Debug/Miku.DAL.Test.DLL" adapterTypeName="Microsoft.VisualStudio.TestTools.TestTypes.Unit.UnitTestAdapter, Microsoft.VisualStudio.QualityTools.Tips.UnitTest.Adapter, Version=10.0.0.0, Culture=neutral, PublicKeyToken=b03f5f7f11d50a3a" className="Miku.DAL.Test.DataAccessTest, Miku.DAL.Test, Version=1.0.0.0, Culture=neutral, PublicKeyToken=null" name="UpdateSystemUserTest" />
    </UnitTest>
    <UnitTest name="GetSystemUserByLoginNameTest" storage="h:\project\第五届\simplemiku\miku.test\bin\debug\miku.dal.test.dll" id="19a2c8ee-1fff-1281-9424-5afee01c6ed8">
      <Execution id="637721a1-3a0e-43b7-9036-7a776f99687a" />
      <TestMethod codeBase="H:/Project/第五届/SimpleMiku/Miku.Test/bin/Debug/Miku.DAL.Test.DLL" adapterTypeName="Microsoft.VisualStudio.TestTools.TestTypes.Unit.UnitTestAdapter, Microsoft.VisualStudio.QualityTools.Tips.UnitTest.Adapter, Version=10.0.0.0, Culture=neutral, PublicKeyToken=b03f5f7f11d50a3a" className="Miku.DAL.Test.DataAccessTest, Miku.DAL.Test, Version=1.0.0.0, Culture=neutral, PublicKeyToken=null" name="GetSystemUserByLoginNameTest" />
    </UnitTest>
    <UnitTest name="DeleteSystemUserTest" storage="h:\project\第五届\simplemiku\miku.test\bin\debug\miku.dal.test.dll" id="e1816916-68e8-1934-fd49-70c2b0665666">
      <Execution id="f8a34b5c-0b34-4443-88f9-c550448b3895" />
      <TestMethod codeBase="H:/Project/第五届/SimpleMiku/Miku.Test/bin/Debug/Miku.DAL.Test.DLL" adapterTypeName="Microsoft.VisualStudio.TestTools.TestTypes.Unit.UnitTestAdapter, Microsoft.VisualStudio.QualityTools.Tips.UnitTest.Adapter, Version=10.0.0.0, Culture=neutral, PublicKeyToken=b03f5f7f11d50a3a" className="Miku.DAL.Test.DataAccessTest, Miku.DAL.Test, Version=1.0.0.0, Culture=neutral, PublicKeyToken=null" name="DeleteSystemUserTest" />
    </UnitTest>
  </TestDefinitions>
  <TestLists>
    <TestList name="Results Not in a List" id="8c84fa94-04c1-424b-9868-57a2d4851a1d" />
    <TestList name="All Loaded Results" id="19431567-8539-422a-85d7-44ee4e166bda" />
  </TestLists>
  <TestEntries>
    <TestEntry testId="19a2c8ee-1fff-1281-9424-5afee01c6ed8" executionId="637721a1-3a0e-43b7-9036-7a776f99687a" testListId="8c84fa94-04c1-424b-9868-57a2d4851a1d" />
    <TestEntry testId="98c7fe14-f1ac-4f77-d7a3-583cc3316077" executionId="d23bb85d-e326-499c-9cd4-ef4d6eb84cff" testListId="8c84fa94-04c1-424b-9868-57a2d4851a1d" />
    <TestEntry testId="cb426fa7-d3c8-c49c-754d-7f807e020ea4" executionId="7f6647fa-5c66-4bc5-afe7-176d62670a77" testListId="8c84fa94-04c1-424b-9868-57a2d4851a1d" />
    <TestEntry testId="e1816916-68e8-1934-fd49-70c2b0665666" executionId="f8a34b5c-0b34-4443-88f9-c550448b3895" testListId="8c84fa94-04c1-424b-9868-57a2d4851a1d" />
  </TestEntries>
  <Results>
    <UnitTestResult executionId="637721a1-3a0e-43b7-9036-7a776f99687a" testId="19a2c8ee-1fff-1281-9424-5afee01c6ed8" testName="GetSystemUserByLoginNameTest" computerName="GH-PC" duration="00:00:02.3735583" startTime="2011-01-09T10:05:38.6751042+08:00" endTime="2011-01-09T10:05:42.4003173+08:00" testType="13cdc9d9-ddb5-4fa4-a97d-d965ccfc6d4b" outcome="Passed" testListId="8c84fa94-04c1-424b-9868-57a2d4851a1d" relativeResultsDirectory="637721a1-3a0e-43b7-9036-7a776f99687a">
      <CollectorDataEntries>
        <Collector agentName="GH-PC" uri="datacollector://microsoft/SystemInfo/1.0" collectorDisplayName="System Information">
          <UriAttachments>
            <UriAttachment>
              <A href="GH-PC\SystemInformation.xml">GH-PC 中的系统信息</A>
            </UriAttachment>
          </UriAttachments>
        </Collector>
        <Collector agentName="GH-PC" uri="datacollector://microsoft/TestImpact/1.0" collectorDisplayName="Test Impact">
          <UriAttachments>
            <UriAttachment>
              <A href="GH-PC\testimpact.xml">Test Impact Data</A>
            </UriAttachment>
          </UriAttachments>
        </Collector>
      </CollectorDataEntries>
    </UnitTestResult>
    <UnitTestResult executionId="d23bb85d-e326-499c-9cd4-ef4d6eb84cff" testId="98c7fe14-f1ac-4f77-d7a3-583cc3316077" testName="UpdateSystemUserTest" computerName="GH-PC" duration="00:00:00.0816668" startTime="2011-01-09T10:05:42.4163182+08:00" endTime="2011-01-09T10:05:42.5773274+08:00" testType="13cdc9d9-ddb5-4fa4-a97d-d965ccfc6d4b" outcome="Passed" testListId="8c84fa94-04c1-424b-9868-57a2d4851a1d" relativeResultsDirectory="d23bb85d-e326-499c-9cd4-ef4d6eb84cff">
      <CollectorDataEntries>
        <Collector agentName="GH-PC" uri="datacollector://microsoft/SystemInfo/1.0" collectorDisplayName="System Information">
          <UriAttachments>
            <UriAttachment>
              <A href="GH-PC\SystemInformation.xml">GH-PC 中的系统信息</A>
            </UriAttachment>
          </UriAttachments>
        </Collector>
        <Collector agentName="GH-PC" uri="datacollector://microsoft/TestImpact/1.0" collectorDisplayName="Test Impact">
          <UriAttachments>
            <UriAttachment>
              <A href="GH-PC\testimpact.xml">Test Impact Data</A>
            </UriAttachment>
          </UriAttachments>
        </Collector>
      </CollectorDataEntries>
    </UnitTestResult>
    <UnitTestResult executionId="7f6647fa-5c66-4bc5-afe7-176d62670a77" testId="cb426fa7-d3c8-c49c-754d-7f807e020ea4" testName="AddSystemUserTest" computerName="GH-PC" duration="00:00:00.0518299" startTime="2011-01-09T10:05:42.5863279+08:00" endTime="2011-01-09T10:05:42.7413368+08:00" testType="13cdc9d9-ddb5-4fa4-a97d-d965ccfc6d4b" outcome="Passed" testListId="8c84fa94-04c1-424b-9868-57a2d4851a1d" relativeResultsDirectory="7f6647fa-5c66-4bc5-afe7-176d62670a77">
      <CollectorDataEntries>
        <Collector agentName="GH-PC" uri="datacollector://microsoft/SystemInfo/1.0" collectorDisplayName="System Information">
          <UriAttachments>
            <UriAttachment>
              <A href="GH-PC\SystemInformation.xml">GH-PC 中的系统信息</A>
            </UriAttachment>
          </UriAttachments>
        </Collector>
        <Collector agentName="GH-PC" uri="datacollector://microsoft/TestImpact/1.0" collectorDisplayName="Test Impact">
          <UriAttachments>
            <UriAttachment>
              <A href="GH-PC\testimpact.xml">Test Impact Data</A>
            </UriAttachment>
          </UriAttachments>
        </Collector>
      </CollectorDataEntries>
    </UnitTestResult>
    <UnitTestResult executionId="f8a34b5c-0b34-4443-88f9-c550448b3895" testId="e1816916-68e8-1934-fd49-70c2b0665666" testName="DeleteSystemUserTest" computerName="GH-PC" duration="00:00:00.0014985" startTime="2011-01-09T10:05:42.7443370+08:00" endTime="2011-01-09T10:05:42.8833449+08:00" testType="13cdc9d9-ddb5-4fa4-a97d-d965ccfc6d4b" outcome="Passed" testListId="8c84fa94-04c1-424b-9868-57a2d4851a1d" relativeResultsDirectory="f8a34b5c-0b34-4443-88f9-c550448b3895">
      <CollectorDataEntries>
        <Collector agentName="GH-PC" uri="datacollector://microsoft/SystemInfo/1.0" collectorDisplayName="System Information">
          <UriAttachments>
            <UriAttachment>
              <A href="GH-PC\SystemInformation.xml">GH-PC 中的系统信息</A>
            </UriAttachment>
          </UriAttachments>
        </Collector>
        <Collector agentName="GH-PC" uri="datacollector://microsoft/TestImpact/1.0" collectorDisplayName="Test Impact">
          <UriAttachments>
            <UriAttachment>
              <A href="GH-PC\testimpact.xml">Test Impact Data</A>
            </UriAttachment>
          </UriAttachments>
        </Collector>
      </CollectorDataEntries>
    </UnitTestResult>
  </Results>
</TestRun>