<?xml version="1.0" encoding="UTF-8"?>
<TestRun id="dfdad880-53b7-42b6-917e-8da1531e5149" name="GH@GH-PC 2010-11-28 13:08:20" runUser="GH-PC\GH" xmlns="http://microsoft.com/schemas/VisualStudio/TeamTest/2010">
  <TestSettings name="Local" id="bb1d265e-4737-41bc-af0d-b611d037b4bb">
    <Description>These are default test settings for a local test run.</Description>
    <Deployment userDeploymentRoot="H:\Project\第五届\Miku\TestResults" useDefaultDeploymentRoot="false" enabled="false" runDeploymentRoot="GH_GH-PC 2010-11-28 13_08_20">
      <DeploymentItem filename="H:\Project\第五届\Miku\Miku.DAL\bin\Debug\Miku.DAL.dll" />
    </Deployment>
    <Execution>
      <TestTypeSpecific />
      <AgentRule name="Execution Agents">
      </AgentRule>
    </Execution>
  </TestSettings>
  <Times creation="2010-11-28T13:08:20.6982668+08:00" queuing="2010-11-28T13:08:20.7022670+08:00" start="2010-11-28T13:08:20.7102675+08:00" finish="2010-11-28T13:08:21.2893006+08:00" />
  <ResultSummary outcome="Failed">
    <Counters total="1" executed="1" error="0" failed="1" timeout="0" aborted="0" inconclusive="0" passedButRunAborted="0" notRunnable="0" notExecuted="0" disconnected="0" warning="0" passed="0" completed="0" inProgress="0" pending="0" />
  </ResultSummary>
  <TestDefinitions>
    <UnitTest name="TestMethod1" storage="h:\project\第五届\miku\miku.test\bin\debug\miku.dal.test.dll" id="37000805-e3d3-d194-910e-da500061ff69">
      <Execution id="35be510e-d80b-4420-9aa3-9119bf6bc815" />
      <TestMethod codeBase="H:/Project/第五届/Miku/Miku.Test/bin/Debug/Miku.DAL.Test.DLL" adapterTypeName="Microsoft.VisualStudio.TestTools.TestTypes.Unit.UnitTestAdapter, Microsoft.VisualStudio.QualityTools.Tips.UnitTest.Adapter, Version=10.0.0.0, Culture=neutral, PublicKeyToken=b03f5f7f11d50a3a" className="Miku.DAL.Test.UnitTest1, Miku.DAL.Test, Version=1.0.0.0, Culture=neutral, PublicKeyToken=null" name="TestMethod1" />
    </UnitTest>
  </TestDefinitions>
  <TestLists>
    <TestList name="Results Not in a List" id="8c84fa94-04c1-424b-9868-57a2d4851a1d" />
    <TestList name="All Loaded Results" id="19431567-8539-422a-85d7-44ee4e166bda" />
  </TestLists>
  <TestEntries>
    <TestEntry testId="37000805-e3d3-d194-910e-da500061ff69" executionId="35be510e-d80b-4420-9aa3-9119bf6bc815" testListId="8c84fa94-04c1-424b-9868-57a2d4851a1d" />
  </TestEntries>
  <Results>
    <UnitTestResult executionId="35be510e-d80b-4420-9aa3-9119bf6bc815" testId="37000805-e3d3-d194-910e-da500061ff69" testName="TestMethod1" computerName="GH-PC" duration="00:00:00.1753915" startTime="2010-11-28T13:08:20.7232682+08:00" endTime="2010-11-28T13:08:21.2642992+08:00" testType="13cdc9d9-ddb5-4fa4-a97d-d965ccfc6d4b" outcome="Failed" testListId="8c84fa94-04c1-424b-9868-57a2d4851a1d" relativeResultsDirectory="35be510e-d80b-4420-9aa3-9119bf6bc815">
      <Output>
        <ErrorInfo>
          <Message>测试方法 Miku.DAL.Test.UnitTest1.TestMethod1 引发了异常: 
System.InvalidOperationException: 对于映射的存储过程方法，“Miku.DAL.Entities.SystemUser”不是有效的返回类型。</Message>
          <StackTrace>    在 System.Data.Linq.SqlClient.QueryConverter.TranslateStoredProcedureCall(MethodCallExpression mce, MetaFunction function)
   在 System.Data.Linq.SqlClient.QueryConverter.VisitMappedFunctionCall(MethodCallExpression mc)
   在 System.Data.Linq.SqlClient.QueryConverter.VisitMethodCall(MethodCallExpression mc)
   在 System.Data.Linq.SqlClient.QueryConverter.VisitInner(Expression node)
   在 System.Data.Linq.SqlClient.QueryConverter.ConvertOuter(Expression node)
   在 System.Data.Linq.SqlClient.SqlProvider.BuildQuery(Expression query, SqlNodeAnnotations annotations)
   在 System.Data.Linq.SqlClient.SqlProvider.System.Data.Linq.Provider.IProvider.Execute(Expression query)
   在 System.Data.Linq.DataContext.ExecuteMethodCall(Object instance, MethodInfo methodInfo, Object[] parameters)
   在 Miku.DAL.MikuDataContext.GetUserByName(String userName) 位置 H:\Project\第五届\Miku\Miku.DAL\MikuDataContext.cs:行号 28
   在 Miku.DAL.Test.UnitTest1.TestMethod1() 位置 H:\Project\第五届\Miku\Miku.Test\UnitTest1.cs:行号 30
</StackTrace>
        </ErrorInfo>
      </Output>
    </UnitTestResult>
  </Results>
</TestRun>