<?xml version="1.0" encoding="UTF-8"?>
<TestRun id="8984d71e-4380-4f4d-a91f-7dcf7be3ac76" name="Xshi@WIN-XSH 2011-01-05 16:57:11" runUser="WIN-XSH\Xshi" xmlns="http://microsoft.com/schemas/VisualStudio/TeamTest/2010">
  <TestSettings name="Local" id="bb1d265e-4737-41bc-af0d-b611d037b4bb">
    <Description>These are default test settings for a local test run.</Description>
    <Deployment enabled="false" runDeploymentRoot="Xshi_WIN-XSH 2011-01-05 16_57_11">
      <DeploymentItem filename="G:\Team\Miku\SimpleMiku\SimpleMiku\Miku\bin\Debug\Miku.Client.exe" />
      <DeploymentItem filename="C:\Program Files\Microsoft SDKs\Expression\Blend\.NETFramework\v4.0\Libraries\Microsoft.Expression.Interactions.dll" />
      <DeploymentItem filename="C:\Program Files\Microsoft SDKs\Expression\Blend\.NETFramework\v4.0\Libraries\System.Windows.Interactivity.dll" />
    </Deployment>
    <Execution>
      <TestTypeSpecific />
      <AgentRule name="Execution Agents">
        <DataCollectors>
          <DataCollector uri="datacollector://Microsoft/TestImpact/1.0" assemblyQualifiedName="Microsoft.VisualStudio.TraceCollector.TestImpactDataCollector, Microsoft.VisualStudio.TraceCollector, Version=10.0.0.0, Culture=neutral, PublicKeyToken=b03f5f7f11d50a3a">
          </DataCollector>
        </DataCollectors>
      </AgentRule>
    </Execution>
  </TestSettings>
  <Times creation="2011-01-05T16:57:11.7490234+08:00" queuing="2011-01-05T16:57:15.3144531+08:00" start="2011-01-05T16:57:23.9335937+08:00" finish="2011-01-05T16:57:31.4638671+08:00" />
  <ResultSummary outcome="Completed">
    <Counters total="32" executed="32" passed="32" error="0" failed="0" timeout="0" aborted="0" inconclusive="0" passedButRunAborted="0" notRunnable="0" notExecuted="0" disconnected="0" warning="0" completed="0" inProgress="0" pending="0" />
  </ResultSummary>
  <TestDefinitions>
    <UnitTest name="MActionRecorderLinqConstructorTest1" storage="g:\team\miku\simplemiku\simplemiku\miku.client.test\bin\debug\miku.client.test.dll" id="4f405f52-5a9f-3228-892f-0d0cc709508e">
      <Execution id="bde3fc32-3e30-445d-8fb7-44b2a92073d9" />
      <TestMethod codeBase="G:/Team/Miku/SimpleMiku/SimpleMiku/Miku.Client.Test/bin/Debug/Miku.Client.Test.DLL" adapterTypeName="Microsoft.VisualStudio.TestTools.TestTypes.Unit.UnitTestAdapter, Microsoft.VisualStudio.QualityTools.Tips.UnitTest.Adapter, Version=10.0.0.0, Culture=neutral, PublicKeyToken=b03f5f7f11d50a3a" className="Miku.Client.Test.MActionRecorderLinqTest, Miku.Client.Test, Version=1.0.0.0, Culture=neutral, PublicKeyToken=null" name="MActionRecorderLinqConstructorTest1" />
    </UnitTest>
    <UnitTest name="WriteDataTest" storage="g:\team\miku\simplemiku\simplemiku\miku.client.test\bin\debug\miku.client.test.dll" id="2a3e0824-7372-7203-e1d6-a28be058ab98">
      <Execution id="2735fa87-e31d-43f1-98f8-3a59393c5e7e" />
      <TestMethod codeBase="G:/Team/Miku/SimpleMiku/SimpleMiku/Miku.Client.Test/bin/Debug/Miku.Client.Test.DLL" adapterTypeName="Microsoft.VisualStudio.TestTools.TestTypes.Unit.UnitTestAdapter, Microsoft.VisualStudio.QualityTools.Tips.UnitTest.Adapter, Version=10.0.0.0, Culture=neutral, PublicKeyToken=b03f5f7f11d50a3a" className="Miku.Client.Test.KBActionRecorderLinqTest, Miku.Client.Test, Version=1.0.0.0, Culture=neutral, PublicKeyToken=null" name="WriteDataTest" />
    </UnitTest>
    <UnitTest name="GetKeyboradActionNodesTest" storage="g:\team\miku\simplemiku\simplemiku\miku.client.test\bin\debug\miku.client.test.dll" id="e12cffd0-a277-ce4a-73f5-bb421ed2903f">
      <DeploymentItems>
        <DeploymentItem filename="Miku.Client.exe" />
      </DeploymentItems>
      <Execution id="f109b344-5c43-400f-b616-60618ff05151" />
      <TestMethod codeBase="G:/Team/Miku/SimpleMiku/SimpleMiku/Miku.Client.Test/bin/Debug/Miku.Client.Test.DLL" adapterTypeName="Microsoft.VisualStudio.TestTools.TestTypes.Unit.UnitTestAdapter, Microsoft.VisualStudio.QualityTools.Tips.UnitTest.Adapter, Version=10.0.0.0, Culture=neutral, PublicKeyToken=b03f5f7f11d50a3a" className="Miku.Client.Test.KBMActionRecorderLinqTest, Miku.Client.Test, Version=1.0.0.0, Culture=neutral, PublicKeyToken=null" name="GetKeyboradActionNodesTest" />
    </UnitTest>
    <UnitTest name="JudgeMouseeventTest" storage="g:\team\miku\simplemiku\simplemiku\miku.client.test\bin\debug\miku.client.test.dll" id="359dce17-c496-3826-0655-d0a5251ff195">
      <DeploymentItems>
        <DeploymentItem filename="Miku.Client.exe" />
      </DeploymentItems>
      <Execution id="4747f403-c68f-4d1d-a84f-fdff2ff42078" />
      <TestMethod codeBase="G:/Team/Miku/SimpleMiku/SimpleMiku/Miku.Client.Test/bin/Debug/Miku.Client.Test.DLL" adapterTypeName="Microsoft.VisualStudio.TestTools.TestTypes.Unit.UnitTestAdapter, Microsoft.VisualStudio.QualityTools.Tips.UnitTest.Adapter, Version=10.0.0.0, Culture=neutral, PublicKeyToken=b03f5f7f11d50a3a" className="Miku.Client.Test.MActionRecorderLinqTest, Miku.Client.Test, Version=1.0.0.0, Culture=neutral, PublicKeyToken=null" name="JudgeMouseeventTest" />
    </UnitTest>
    <UnitTest name="AddActionNodesToActionListTest" storage="g:\team\miku\simplemiku\simplemiku\miku.client.test\bin\debug\miku.client.test.dll" id="ce44d49a-bcb6-8223-08fe-e0e7025a1055">
      <DeploymentItems>
        <DeploymentItem filename="Miku.Client.exe" />
      </DeploymentItems>
      <Execution id="38d1eb11-1cf2-4ded-bf1b-bf997624cd6f" />
      <TestMethod codeBase="G:/Team/Miku/SimpleMiku/SimpleMiku/Miku.Client.Test/bin/Debug/Miku.Client.Test.DLL" adapterTypeName="Microsoft.VisualStudio.TestTools.TestTypes.Unit.UnitTestAdapter, Microsoft.VisualStudio.QualityTools.Tips.UnitTest.Adapter, Version=10.0.0.0, Culture=neutral, PublicKeyToken=b03f5f7f11d50a3a" className="Miku.Client.Test.KBMActionRecorderLinqTest, Miku.Client.Test, Version=1.0.0.0, Culture=neutral, PublicKeyToken=null" name="AddActionNodesToActionListTest" />
    </UnitTest>
    <UnitTest name="GetKeyboradActionNodesTest" storage="g:\team\miku\simplemiku\simplemiku\miku.client.test\bin\debug\miku.client.test.dll" id="f24fc520-1e6a-d441-0991-43324cf01c81">
      <DeploymentItems>
        <DeploymentItem filename="Miku.Client.exe" />
      </DeploymentItems>
      <Execution id="ffbc1f7e-19d2-4693-9f9c-5b152710dbe9" />
      <TestMethod codeBase="G:/Team/Miku/SimpleMiku/SimpleMiku/Miku.Client.Test/bin/Debug/Miku.Client.Test.DLL" adapterTypeName="Microsoft.VisualStudio.TestTools.TestTypes.Unit.UnitTestAdapter, Microsoft.VisualStudio.QualityTools.Tips.UnitTest.Adapter, Version=10.0.0.0, Culture=neutral, PublicKeyToken=b03f5f7f11d50a3a" className="Miku.Client.Test.KBActionRecorderLinqTest, Miku.Client.Test, Version=1.0.0.0, Culture=neutral, PublicKeyToken=null" name="GetKeyboradActionNodesTest" />
    </UnitTest>
    <UnitTest name="GetDatasTest" storage="g:\team\miku\simplemiku\simplemiku\miku.client.test\bin\debug\miku.client.test.dll" id="7edec188-4dd0-83ec-7689-4d107522630b">
      <Execution id="174ef1fd-4078-4cfb-b83b-752e6a5b4afa" />
      <TestMethod codeBase="G:/Team/Miku/SimpleMiku/SimpleMiku/Miku.Client.Test/bin/Debug/Miku.Client.Test.DLL" adapterTypeName="Microsoft.VisualStudio.TestTools.TestTypes.Unit.UnitTestAdapter, Microsoft.VisualStudio.QualityTools.Tips.UnitTest.Adapter, Version=10.0.0.0, Culture=neutral, PublicKeyToken=b03f5f7f11d50a3a" className="Miku.Client.Test.MActionRecorderLinqTest, Miku.Client.Test, Version=1.0.0.0, Culture=neutral, PublicKeyToken=null" name="GetDatasTest" />
    </UnitTest>
    <UnitTest name="JudgeKeyeventTest" storage="g:\team\miku\simplemiku\simplemiku\miku.client.test\bin\debug\miku.client.test.dll" id="074d3a28-d150-b66f-57b9-7e0da040bdd8">
      <DeploymentItems>
        <DeploymentItem filename="Miku.Client.exe" />
      </DeploymentItems>
      <Execution id="321b2b7f-975f-46b1-a402-cfdb54fe5694" />
      <TestMethod codeBase="G:/Team/Miku/SimpleMiku/SimpleMiku/Miku.Client.Test/bin/Debug/Miku.Client.Test.DLL" adapterTypeName="Microsoft.VisualStudio.TestTools.TestTypes.Unit.UnitTestAdapter, Microsoft.VisualStudio.QualityTools.Tips.UnitTest.Adapter, Version=10.0.0.0, Culture=neutral, PublicKeyToken=b03f5f7f11d50a3a" className="Miku.Client.Test.KBMActionRecorderLinqTest, Miku.Client.Test, Version=1.0.0.0, Culture=neutral, PublicKeyToken=null" name="JudgeKeyeventTest" />
    </UnitTest>
    <UnitTest name="WriteDataTest1" storage="g:\team\miku\simplemiku\simplemiku\miku.client.test\bin\debug\miku.client.test.dll" id="823f77e3-d0e6-dd11-9826-7284ca01aa9f">
      <Execution id="08d4cb35-1f52-4af2-ad05-ac3a0a04a28d" />
      <TestMethod codeBase="G:/Team/Miku/SimpleMiku/SimpleMiku/Miku.Client.Test/bin/Debug/Miku.Client.Test.DLL" adapterTypeName="Microsoft.VisualStudio.TestTools.TestTypes.Unit.UnitTestAdapter, Microsoft.VisualStudio.QualityTools.Tips.UnitTest.Adapter, Version=10.0.0.0, Culture=neutral, PublicKeyToken=b03f5f7f11d50a3a" className="Miku.Client.Test.KBMActionRecorderLinqTest, Miku.Client.Test, Version=1.0.0.0, Culture=neutral, PublicKeyToken=null" name="WriteDataTest1" />
    </UnitTest>
    <UnitTest name="AddMouseActionNodesToActionListTest" storage="g:\team\miku\simplemiku\simplemiku\miku.client.test\bin\debug\miku.client.test.dll" id="4fd399ce-c2ac-ae35-baa9-1855299e1db7">
      <DeploymentItems>
        <DeploymentItem filename="Miku.Client.exe" />
      </DeploymentItems>
      <Execution id="79ee1840-ae14-48fe-a052-6f89214ac5de" />
      <TestMethod codeBase="G:/Team/Miku/SimpleMiku/SimpleMiku/Miku.Client.Test/bin/Debug/Miku.Client.Test.DLL" adapterTypeName="Microsoft.VisualStudio.TestTools.TestTypes.Unit.UnitTestAdapter, Microsoft.VisualStudio.QualityTools.Tips.UnitTest.Adapter, Version=10.0.0.0, Culture=neutral, PublicKeyToken=b03f5f7f11d50a3a" className="Miku.Client.Test.KBMActionRecorderLinqTest, Miku.Client.Test, Version=1.0.0.0, Culture=neutral, PublicKeyToken=null" name="AddMouseActionNodesToActionListTest" />
    </UnitTest>
    <UnitTest name="GetActionNodesTest" storage="g:\team\miku\simplemiku\simplemiku\miku.client.test\bin\debug\miku.client.test.dll" id="d208e47e-0502-18fe-7042-0afe8fb79b2d">
      <DeploymentItems>
        <DeploymentItem filename="Miku.Client.exe" />
      </DeploymentItems>
      <Execution id="72dca931-a3e8-459d-9291-1ad37a57a2d4" />
      <TestMethod codeBase="G:/Team/Miku/SimpleMiku/SimpleMiku/Miku.Client.Test/bin/Debug/Miku.Client.Test.DLL" adapterTypeName="Microsoft.VisualStudio.TestTools.TestTypes.Unit.UnitTestAdapter, Microsoft.VisualStudio.QualityTools.Tips.UnitTest.Adapter, Version=10.0.0.0, Culture=neutral, PublicKeyToken=b03f5f7f11d50a3a" className="Miku.Client.Test.KBMActionRecorderLinqTest, Miku.Client.Test, Version=1.0.0.0, Culture=neutral, PublicKeyToken=null" name="GetActionNodesTest" />
    </UnitTest>
    <UnitTest name="GetDatasTest" storage="g:\team\miku\simplemiku\simplemiku\miku.client.test\bin\debug\miku.client.test.dll" id="084662be-b6c9-1804-888d-880232ba27fc">
      <Execution id="f9c163f1-b70b-4ac8-8505-d590a4635491" />
      <TestMethod codeBase="G:/Team/Miku/SimpleMiku/SimpleMiku/Miku.Client.Test/bin/Debug/Miku.Client.Test.DLL" adapterTypeName="Microsoft.VisualStudio.TestTools.TestTypes.Unit.UnitTestAdapter, Microsoft.VisualStudio.QualityTools.Tips.UnitTest.Adapter, Version=10.0.0.0, Culture=neutral, PublicKeyToken=b03f5f7f11d50a3a" className="Miku.Client.Test.KBActionRecorderLinqTest, Miku.Client.Test, Version=1.0.0.0, Culture=neutral, PublicKeyToken=null" name="GetDatasTest" />
    </UnitTest>
    <UnitTest name="KBMActionRecorderLinqConstructorTest" storage="g:\team\miku\simplemiku\simplemiku\miku.client.test\bin\debug\miku.client.test.dll" id="cdc4ca46-1f20-c5a9-28ec-4fe875b8bfe5">
      <Execution id="d3741ac1-8f91-44fb-85df-e6d1a88e4d97" />
      <TestMethod codeBase="G:/Team/Miku/SimpleMiku/SimpleMiku/Miku.Client.Test/bin/Debug/Miku.Client.Test.DLL" adapterTypeName="Microsoft.VisualStudio.TestTools.TestTypes.Unit.UnitTestAdapter, Microsoft.VisualStudio.QualityTools.Tips.UnitTest.Adapter, Version=10.0.0.0, Culture=neutral, PublicKeyToken=b03f5f7f11d50a3a" className="Miku.Client.Test.KBMActionRecorderLinqTest, Miku.Client.Test, Version=1.0.0.0, Culture=neutral, PublicKeyToken=null" name="KBMActionRecorderLinqConstructorTest" />
    </UnitTest>
    <UnitTest name="GetDatasTest" storage="g:\team\miku\simplemiku\simplemiku\miku.client.test\bin\debug\miku.client.test.dll" id="9ea538e5-c6a2-bf0c-dfff-7a76a8219328">
      <Execution id="c4e51b86-762c-40e3-b2fb-37e7e97a9e2c" />
      <TestMethod codeBase="G:/Team/Miku/SimpleMiku/SimpleMiku/Miku.Client.Test/bin/Debug/Miku.Client.Test.DLL" adapterTypeName="Microsoft.VisualStudio.TestTools.TestTypes.Unit.UnitTestAdapter, Microsoft.VisualStudio.QualityTools.Tips.UnitTest.Adapter, Version=10.0.0.0, Culture=neutral, PublicKeyToken=b03f5f7f11d50a3a" className="Miku.Client.Test.KBMActionRecorderLinqTest, Miku.Client.Test, Version=1.0.0.0, Culture=neutral, PublicKeyToken=null" name="GetDatasTest" />
    </UnitTest>
    <UnitTest name="GetMouseActionDatasTest" storage="g:\team\miku\simplemiku\simplemiku\miku.client.test\bin\debug\miku.client.test.dll" id="0b610023-763f-5d2e-656a-3bc9cfba860b">
      <Execution id="2e22a126-3a97-402c-907d-8dae37cc3baf" />
      <TestMethod codeBase="G:/Team/Miku/SimpleMiku/SimpleMiku/Miku.Client.Test/bin/Debug/Miku.Client.Test.DLL" adapterTypeName="Microsoft.VisualStudio.TestTools.TestTypes.Unit.UnitTestAdapter, Microsoft.VisualStudio.QualityTools.Tips.UnitTest.Adapter, Version=10.0.0.0, Culture=neutral, PublicKeyToken=b03f5f7f11d50a3a" className="Miku.Client.Test.KBMActionRecorderLinqTest, Miku.Client.Test, Version=1.0.0.0, Culture=neutral, PublicKeyToken=null" name="GetMouseActionDatasTest" />
    </UnitTest>
    <UnitTest name="JudgeKeyeventTest" storage="g:\team\miku\simplemiku\simplemiku\miku.client.test\bin\debug\miku.client.test.dll" id="92c1c465-3330-37d4-5f36-7943d4cac84c">
      <DeploymentItems>
        <DeploymentItem filename="Miku.Client.exe" />
      </DeploymentItems>
      <Execution id="20433f28-27d5-4925-aeba-e29e08bab965" />
      <TestMethod codeBase="G:/Team/Miku/SimpleMiku/SimpleMiku/Miku.Client.Test/bin/Debug/Miku.Client.Test.DLL" adapterTypeName="Microsoft.VisualStudio.TestTools.TestTypes.Unit.UnitTestAdapter, Microsoft.VisualStudio.QualityTools.Tips.UnitTest.Adapter, Version=10.0.0.0, Culture=neutral, PublicKeyToken=b03f5f7f11d50a3a" className="Miku.Client.Test.KBActionRecorderLinqTest, Miku.Client.Test, Version=1.0.0.0, Culture=neutral, PublicKeyToken=null" name="JudgeKeyeventTest" />
    </UnitTest>
    <UnitTest name="MActionRecorderLinqConstructorTest" storage="g:\team\miku\simplemiku\simplemiku\miku.client.test\bin\debug\miku.client.test.dll" id="a29c449b-97e1-032e-d9f9-3d299f827d12">
      <Execution id="e78d89d0-839e-4e74-b8e0-1ccf08755f45" />
      <TestMethod codeBase="G:/Team/Miku/SimpleMiku/SimpleMiku/Miku.Client.Test/bin/Debug/Miku.Client.Test.DLL" adapterTypeName="Microsoft.VisualStudio.TestTools.TestTypes.Unit.UnitTestAdapter, Microsoft.VisualStudio.QualityTools.Tips.UnitTest.Adapter, Version=10.0.0.0, Culture=neutral, PublicKeyToken=b03f5f7f11d50a3a" className="Miku.Client.Test.MActionRecorderLinqTest, Miku.Client.Test, Version=1.0.0.0, Culture=neutral, PublicKeyToken=null" name="MActionRecorderLinqConstructorTest" />
    </UnitTest>
    <UnitTest name="KBMActionRecorderLinqConstructorTest1" storage="g:\team\miku\simplemiku\simplemiku\miku.client.test\bin\debug\miku.client.test.dll" id="750e142f-11ed-3b17-0d7b-4a799a3fece7">
      <Execution id="a4f7a13f-45a5-4cc3-abcd-c64d961c0f5f" />
      <TestMethod codeBase="G:/Team/Miku/SimpleMiku/SimpleMiku/Miku.Client.Test/bin/Debug/Miku.Client.Test.DLL" adapterTypeName="Microsoft.VisualStudio.TestTools.TestTypes.Unit.UnitTestAdapter, Microsoft.VisualStudio.QualityTools.Tips.UnitTest.Adapter, Version=10.0.0.0, Culture=neutral, PublicKeyToken=b03f5f7f11d50a3a" className="Miku.Client.Test.KBMActionRecorderLinqTest, Miku.Client.Test, Version=1.0.0.0, Culture=neutral, PublicKeyToken=null" name="KBMActionRecorderLinqConstructorTest1" />
    </UnitTest>
    <UnitTest name="GetMouseActionNodesTest" storage="g:\team\miku\simplemiku\simplemiku\miku.client.test\bin\debug\miku.client.test.dll" id="a1d9cf2f-ca94-1fa4-72e7-72f45e315643">
      <DeploymentItems>
        <DeploymentItem filename="Miku.Client.exe" />
      </DeploymentItems>
      <Execution id="1e1a2253-6e45-442d-b0eb-9391cc571fc1" />
      <TestMethod codeBase="G:/Team/Miku/SimpleMiku/SimpleMiku/Miku.Client.Test/bin/Debug/Miku.Client.Test.DLL" adapterTypeName="Microsoft.VisualStudio.TestTools.TestTypes.Unit.UnitTestAdapter, Microsoft.VisualStudio.QualityTools.Tips.UnitTest.Adapter, Version=10.0.0.0, Culture=neutral, PublicKeyToken=b03f5f7f11d50a3a" className="Miku.Client.Test.MActionRecorderLinqTest, Miku.Client.Test, Version=1.0.0.0, Culture=neutral, PublicKeyToken=null" name="GetMouseActionNodesTest" />
    </UnitTest>
    <UnitTest name="GetKeyboardActionDatasTest" storage="g:\team\miku\simplemiku\simplemiku\miku.client.test\bin\debug\miku.client.test.dll" id="ee7bda79-4244-6b77-1a5b-ea61dadeb9dc">
      <Execution id="9bbc6d46-d584-46ae-adf0-aa5bc561d34d" />
      <TestMethod codeBase="G:/Team/Miku/SimpleMiku/SimpleMiku/Miku.Client.Test/bin/Debug/Miku.Client.Test.DLL" adapterTypeName="Microsoft.VisualStudio.TestTools.TestTypes.Unit.UnitTestAdapter, Microsoft.VisualStudio.QualityTools.Tips.UnitTest.Adapter, Version=10.0.0.0, Culture=neutral, PublicKeyToken=b03f5f7f11d50a3a" className="Miku.Client.Test.KBMActionRecorderLinqTest, Miku.Client.Test, Version=1.0.0.0, Culture=neutral, PublicKeyToken=null" name="GetKeyboardActionDatasTest" />
    </UnitTest>
    <UnitTest name="KBActionRecorderLinqConstructorTest" storage="g:\team\miku\simplemiku\simplemiku\miku.client.test\bin\debug\miku.client.test.dll" id="4c80526c-928a-67e8-a5d1-056865b5333e">
      <Execution id="f30579d9-1b9a-49b1-b7f4-b7b3da7fd2a4" />
      <TestMethod codeBase="G:/Team/Miku/SimpleMiku/SimpleMiku/Miku.Client.Test/bin/Debug/Miku.Client.Test.DLL" adapterTypeName="Microsoft.VisualStudio.TestTools.TestTypes.Unit.UnitTestAdapter, Microsoft.VisualStudio.QualityTools.Tips.UnitTest.Adapter, Version=10.0.0.0, Culture=neutral, PublicKeyToken=b03f5f7f11d50a3a" className="Miku.Client.Test.KBActionRecorderLinqTest, Miku.Client.Test, Version=1.0.0.0, Culture=neutral, PublicKeyToken=null" name="KBActionRecorderLinqConstructorTest" />
    </UnitTest>
    <UnitTest name="AddKeyboradActionNodesToActionListTest" storage="g:\team\miku\simplemiku\simplemiku\miku.client.test\bin\debug\miku.client.test.dll" id="132ac66e-ad4c-b06e-9031-6ec6f3c38688">
      <DeploymentItems>
        <DeploymentItem filename="Miku.Client.exe" />
      </DeploymentItems>
      <Execution id="3530ae2c-b61c-4226-b97f-9971f7fe1c27" />
      <TestMethod codeBase="G:/Team/Miku/SimpleMiku/SimpleMiku/Miku.Client.Test/bin/Debug/Miku.Client.Test.DLL" adapterTypeName="Microsoft.VisualStudio.TestTools.TestTypes.Unit.UnitTestAdapter, Microsoft.VisualStudio.QualityTools.Tips.UnitTest.Adapter, Version=10.0.0.0, Culture=neutral, PublicKeyToken=b03f5f7f11d50a3a" className="Miku.Client.Test.KBMActionRecorderLinqTest, Miku.Client.Test, Version=1.0.0.0, Culture=neutral, PublicKeyToken=null" name="AddKeyboradActionNodesToActionListTest" />
    </UnitTest>
    <UnitTest name="CodedUITestMethod1" storage="g:\team\miku\simplemiku\simplemiku\miku.client.test\bin\debug\miku.client.test.dll" id="d6cf0c8d-911e-3d4e-571c-aa95b2db1e06">
      <Execution id="1ea71020-5c11-49ff-a7d9-ed68ddbc352e" />
      <TestMethod codeBase="G:/Team/Miku/SimpleMiku/SimpleMiku/Miku.Client.Test/bin/Debug/Miku.Client.Test.DLL" adapterTypeName="Microsoft.VisualStudio.TestTools.TestTypes.Unit.UnitTestAdapter, Microsoft.VisualStudio.QualityTools.Tips.UnitTest.Adapter, Version=10.0.0.0, Culture=neutral, PublicKeyToken=b03f5f7f11d50a3a" className="Miku.Client.Test.ActionViewUITest, Miku.Client.Test, Version=1.0.0.0, Culture=neutral, PublicKeyToken=null" name="CodedUITestMethod1" />
      <Extension>Microsoft.VisualStudio.TestTools.UITesting.CodedUITestAttribute, Microsoft.VisualStudio.QualityTools.CodedUITestFramework, Version=10.0.0.0, Culture=neutral, PublicKeyToken=b03f5f7f11d50a3a</Extension>
    </UnitTest>
    <UnitTest name="AddMouseActionNodesToActionListTest" storage="g:\team\miku\simplemiku\simplemiku\miku.client.test\bin\debug\miku.client.test.dll" id="2e20b2c8-e6e3-97e2-9e0e-f03237d81426">
      <DeploymentItems>
        <DeploymentItem filename="Miku.Client.exe" />
      </DeploymentItems>
      <Execution id="e969b8de-027c-4799-b2da-9c44aee80490" />
      <TestMethod codeBase="G:/Team/Miku/SimpleMiku/SimpleMiku/Miku.Client.Test/bin/Debug/Miku.Client.Test.DLL" adapterTypeName="Microsoft.VisualStudio.TestTools.TestTypes.Unit.UnitTestAdapter, Microsoft.VisualStudio.QualityTools.Tips.UnitTest.Adapter, Version=10.0.0.0, Culture=neutral, PublicKeyToken=b03f5f7f11d50a3a" className="Miku.Client.Test.MActionRecorderLinqTest, Miku.Client.Test, Version=1.0.0.0, Culture=neutral, PublicKeyToken=null" name="AddMouseActionNodesToActionListTest" />
    </UnitTest>
    <UnitTest name="AddKeyboardActionToActionListTest" storage="g:\team\miku\simplemiku\simplemiku\miku.client.test\bin\debug\miku.client.test.dll" id="fdf602e7-0ace-dc3b-07fe-f6247be722fb">
      <DeploymentItems>
        <DeploymentItem filename="Miku.Client.exe" />
      </DeploymentItems>
      <Execution id="f9fc600e-048d-4e57-abbe-33daaf62ab81" />
      <TestMethod codeBase="G:/Team/Miku/SimpleMiku/SimpleMiku/Miku.Client.Test/bin/Debug/Miku.Client.Test.DLL" adapterTypeName="Microsoft.VisualStudio.TestTools.TestTypes.Unit.UnitTestAdapter, Microsoft.VisualStudio.QualityTools.Tips.UnitTest.Adapter, Version=10.0.0.0, Culture=neutral, PublicKeyToken=b03f5f7f11d50a3a" className="Miku.Client.Test.KBMActionRecorderLinqTest, Miku.Client.Test, Version=1.0.0.0, Culture=neutral, PublicKeyToken=null" name="AddKeyboardActionToActionListTest" />
    </UnitTest>
    <UnitTest name="WriteDataTest" storage="g:\team\miku\simplemiku\simplemiku\miku.client.test\bin\debug\miku.client.test.dll" id="2b0f40a6-afeb-f090-9d77-5d7a6076bc9b">
      <Execution id="113266b6-9e54-423e-b9ac-ec0dade4f41b" />
      <TestMethod codeBase="G:/Team/Miku/SimpleMiku/SimpleMiku/Miku.Client.Test/bin/Debug/Miku.Client.Test.DLL" adapterTypeName="Microsoft.VisualStudio.TestTools.TestTypes.Unit.UnitTestAdapter, Microsoft.VisualStudio.QualityTools.Tips.UnitTest.Adapter, Version=10.0.0.0, Culture=neutral, PublicKeyToken=b03f5f7f11d50a3a" className="Miku.Client.Test.MActionRecorderLinqTest, Miku.Client.Test, Version=1.0.0.0, Culture=neutral, PublicKeyToken=null" name="WriteDataTest" />
    </UnitTest>
    <UnitTest name="GetMouseActionNodesTest" storage="g:\team\miku\simplemiku\simplemiku\miku.client.test\bin\debug\miku.client.test.dll" id="6736eb01-a01b-c98c-c1fd-34538d7e9bd7">
      <DeploymentItems>
        <DeploymentItem filename="Miku.Client.exe" />
      </DeploymentItems>
      <Execution id="2678c9ef-f828-45f0-ab11-e2cc923caf12" />
      <TestMethod codeBase="G:/Team/Miku/SimpleMiku/SimpleMiku/Miku.Client.Test/bin/Debug/Miku.Client.Test.DLL" adapterTypeName="Microsoft.VisualStudio.TestTools.TestTypes.Unit.UnitTestAdapter, Microsoft.VisualStudio.QualityTools.Tips.UnitTest.Adapter, Version=10.0.0.0, Culture=neutral, PublicKeyToken=b03f5f7f11d50a3a" className="Miku.Client.Test.KBMActionRecorderLinqTest, Miku.Client.Test, Version=1.0.0.0, Culture=neutral, PublicKeyToken=null" name="GetMouseActionNodesTest" />
    </UnitTest>
    <UnitTest name="WriteDataTest" storage="g:\team\miku\simplemiku\simplemiku\miku.client.test\bin\debug\miku.client.test.dll" id="49fd5275-6f51-7ac2-3d0f-ccea8fbc2f6f">
      <Execution id="aea4b351-7d48-4784-9f93-99fdce3cdcb9" />
      <TestMethod codeBase="G:/Team/Miku/SimpleMiku/SimpleMiku/Miku.Client.Test/bin/Debug/Miku.Client.Test.DLL" adapterTypeName="Microsoft.VisualStudio.TestTools.TestTypes.Unit.UnitTestAdapter, Microsoft.VisualStudio.QualityTools.Tips.UnitTest.Adapter, Version=10.0.0.0, Culture=neutral, PublicKeyToken=b03f5f7f11d50a3a" className="Miku.Client.Test.KBMActionRecorderLinqTest, Miku.Client.Test, Version=1.0.0.0, Culture=neutral, PublicKeyToken=null" name="WriteDataTest" />
    </UnitTest>
    <UnitTest name="CodedUITestMethod1" storage="g:\team\miku\simplemiku\simplemiku\miku.client.test\bin\debug\miku.client.test.dll" id="a64592c7-8c76-ac7e-feee-03282e5bd032">
      <Execution id="1568d19e-9612-4126-8537-ab605602b309" />
      <TestMethod codeBase="G:/Team/Miku/SimpleMiku/SimpleMiku/Miku.Client.Test/bin/Debug/Miku.Client.Test.DLL" adapterTypeName="Microsoft.VisualStudio.TestTools.TestTypes.Unit.UnitTestAdapter, Microsoft.VisualStudio.QualityTools.Tips.UnitTest.Adapter, Version=10.0.0.0, Culture=neutral, PublicKeyToken=b03f5f7f11d50a3a" className="Miku.Client.Test.CodedUITest1, Miku.Client.Test, Version=1.0.0.0, Culture=neutral, PublicKeyToken=null" name="CodedUITestMethod1" />
      <Extension>Microsoft.VisualStudio.TestTools.UITesting.CodedUITestAttribute, Microsoft.VisualStudio.QualityTools.CodedUITestFramework, Version=10.0.0.0, Culture=neutral, PublicKeyToken=b03f5f7f11d50a3a</Extension>
    </UnitTest>
    <UnitTest name="JudgeMouseeventTest" storage="g:\team\miku\simplemiku\simplemiku\miku.client.test\bin\debug\miku.client.test.dll" id="de8df89c-83bc-d6af-1f47-cccbd2125445">
      <DeploymentItems>
        <DeploymentItem filename="Miku.Client.exe" />
      </DeploymentItems>
      <Execution id="2c4e68c8-1c42-44a3-be64-6d82e5ab572f" />
      <TestMethod codeBase="G:/Team/Miku/SimpleMiku/SimpleMiku/Miku.Client.Test/bin/Debug/Miku.Client.Test.DLL" adapterTypeName="Microsoft.VisualStudio.TestTools.TestTypes.Unit.UnitTestAdapter, Microsoft.VisualStudio.QualityTools.Tips.UnitTest.Adapter, Version=10.0.0.0, Culture=neutral, PublicKeyToken=b03f5f7f11d50a3a" className="Miku.Client.Test.KBMActionRecorderLinqTest, Miku.Client.Test, Version=1.0.0.0, Culture=neutral, PublicKeyToken=null" name="JudgeMouseeventTest" />
    </UnitTest>
    <UnitTest name="AddKeyboradActionNodesToActionListTest" storage="g:\team\miku\simplemiku\simplemiku\miku.client.test\bin\debug\miku.client.test.dll" id="1fde853e-d3df-281c-ce19-346306c66dc9">
      <DeploymentItems>
        <DeploymentItem filename="Miku.Client.exe" />
      </DeploymentItems>
      <Execution id="3804b7d2-301c-4d1a-9b19-dc9de4257b7f" />
      <TestMethod codeBase="G:/Team/Miku/SimpleMiku/SimpleMiku/Miku.Client.Test/bin/Debug/Miku.Client.Test.DLL" adapterTypeName="Microsoft.VisualStudio.TestTools.TestTypes.Unit.UnitTestAdapter, Microsoft.VisualStudio.QualityTools.Tips.UnitTest.Adapter, Version=10.0.0.0, Culture=neutral, PublicKeyToken=b03f5f7f11d50a3a" className="Miku.Client.Test.KBActionRecorderLinqTest, Miku.Client.Test, Version=1.0.0.0, Culture=neutral, PublicKeyToken=null" name="AddKeyboradActionNodesToActionListTest" />
    </UnitTest>
    <UnitTest name="AddMouseActionToActionListTest" storage="g:\team\miku\simplemiku\simplemiku\miku.client.test\bin\debug\miku.client.test.dll" id="a094cc17-cb88-3b4d-60bd-63dcadfedf53">
      <DeploymentItems>
        <DeploymentItem filename="Miku.Client.exe" />
      </DeploymentItems>
      <Execution id="7bf9f452-a0b5-496b-b62f-8e6f4257197d" />
      <TestMethod codeBase="G:/Team/Miku/SimpleMiku/SimpleMiku/Miku.Client.Test/bin/Debug/Miku.Client.Test.DLL" adapterTypeName="Microsoft.VisualStudio.TestTools.TestTypes.Unit.UnitTestAdapter, Microsoft.VisualStudio.QualityTools.Tips.UnitTest.Adapter, Version=10.0.0.0, Culture=neutral, PublicKeyToken=b03f5f7f11d50a3a" className="Miku.Client.Test.KBMActionRecorderLinqTest, Miku.Client.Test, Version=1.0.0.0, Culture=neutral, PublicKeyToken=null" name="AddMouseActionToActionListTest" />
    </UnitTest>
  </TestDefinitions>
  <TestLists>
    <TestList name="Results Not in a List" id="8c84fa94-04c1-424b-9868-57a2d4851a1d" />
    <TestList name="All Loaded Results" id="19431567-8539-422a-85d7-44ee4e166bda" />
  </TestLists>
  <TestEntries>
    <TestEntry testId="d6cf0c8d-911e-3d4e-571c-aa95b2db1e06" executionId="1ea71020-5c11-49ff-a7d9-ed68ddbc352e" testListId="8c84fa94-04c1-424b-9868-57a2d4851a1d" />
    <TestEntry testId="cdc4ca46-1f20-c5a9-28ec-4fe875b8bfe5" executionId="d3741ac1-8f91-44fb-85df-e6d1a88e4d97" testListId="8c84fa94-04c1-424b-9868-57a2d4851a1d" />
    <TestEntry testId="750e142f-11ed-3b17-0d7b-4a799a3fece7" executionId="a4f7a13f-45a5-4cc3-abcd-c64d961c0f5f" testListId="8c84fa94-04c1-424b-9868-57a2d4851a1d" />
    <TestEntry testId="ce44d49a-bcb6-8223-08fe-e0e7025a1055" executionId="38d1eb11-1cf2-4ded-bf1b-bf997624cd6f" testListId="8c84fa94-04c1-424b-9868-57a2d4851a1d" />
    <TestEntry testId="fdf602e7-0ace-dc3b-07fe-f6247be722fb" executionId="f9fc600e-048d-4e57-abbe-33daaf62ab81" testListId="8c84fa94-04c1-424b-9868-57a2d4851a1d" />
    <TestEntry testId="132ac66e-ad4c-b06e-9031-6ec6f3c38688" executionId="3530ae2c-b61c-4226-b97f-9971f7fe1c27" testListId="8c84fa94-04c1-424b-9868-57a2d4851a1d" />
    <TestEntry testId="4fd399ce-c2ac-ae35-baa9-1855299e1db7" executionId="79ee1840-ae14-48fe-a052-6f89214ac5de" testListId="8c84fa94-04c1-424b-9868-57a2d4851a1d" />
    <TestEntry testId="a094cc17-cb88-3b4d-60bd-63dcadfedf53" executionId="7bf9f452-a0b5-496b-b62f-8e6f4257197d" testListId="8c84fa94-04c1-424b-9868-57a2d4851a1d" />
    <TestEntry testId="d208e47e-0502-18fe-7042-0afe8fb79b2d" executionId="72dca931-a3e8-459d-9291-1ad37a57a2d4" testListId="8c84fa94-04c1-424b-9868-57a2d4851a1d" />
    <TestEntry testId="9ea538e5-c6a2-bf0c-dfff-7a76a8219328" executionId="c4e51b86-762c-40e3-b2fb-37e7e97a9e2c" testListId="8c84fa94-04c1-424b-9868-57a2d4851a1d" />
    <TestEntry testId="ee7bda79-4244-6b77-1a5b-ea61dadeb9dc" executionId="9bbc6d46-d584-46ae-adf0-aa5bc561d34d" testListId="8c84fa94-04c1-424b-9868-57a2d4851a1d" />
    <TestEntry testId="e12cffd0-a277-ce4a-73f5-bb421ed2903f" executionId="f109b344-5c43-400f-b616-60618ff05151" testListId="8c84fa94-04c1-424b-9868-57a2d4851a1d" />
    <TestEntry testId="0b610023-763f-5d2e-656a-3bc9cfba860b" executionId="2e22a126-3a97-402c-907d-8dae37cc3baf" testListId="8c84fa94-04c1-424b-9868-57a2d4851a1d" />
    <TestEntry testId="6736eb01-a01b-c98c-c1fd-34538d7e9bd7" executionId="2678c9ef-f828-45f0-ab11-e2cc923caf12" testListId="8c84fa94-04c1-424b-9868-57a2d4851a1d" />
    <TestEntry testId="074d3a28-d150-b66f-57b9-7e0da040bdd8" executionId="321b2b7f-975f-46b1-a402-cfdb54fe5694" testListId="8c84fa94-04c1-424b-9868-57a2d4851a1d" />
    <TestEntry testId="de8df89c-83bc-d6af-1f47-cccbd2125445" executionId="2c4e68c8-1c42-44a3-be64-6d82e5ab572f" testListId="8c84fa94-04c1-424b-9868-57a2d4851a1d" />
    <TestEntry testId="49fd5275-6f51-7ac2-3d0f-ccea8fbc2f6f" executionId="aea4b351-7d48-4784-9f93-99fdce3cdcb9" testListId="8c84fa94-04c1-424b-9868-57a2d4851a1d" />
    <TestEntry testId="823f77e3-d0e6-dd11-9826-7284ca01aa9f" executionId="08d4cb35-1f52-4af2-ad05-ac3a0a04a28d" testListId="8c84fa94-04c1-424b-9868-57a2d4851a1d" />
    <TestEntry testId="a64592c7-8c76-ac7e-feee-03282e5bd032" executionId="1568d19e-9612-4126-8537-ab605602b309" testListId="8c84fa94-04c1-424b-9868-57a2d4851a1d" />
    <TestEntry testId="a29c449b-97e1-032e-d9f9-3d299f827d12" executionId="e78d89d0-839e-4e74-b8e0-1ccf08755f45" testListId="8c84fa94-04c1-424b-9868-57a2d4851a1d" />
    <TestEntry testId="4f405f52-5a9f-3228-892f-0d0cc709508e" executionId="bde3fc32-3e30-445d-8fb7-44b2a92073d9" testListId="8c84fa94-04c1-424b-9868-57a2d4851a1d" />
    <TestEntry testId="2e20b2c8-e6e3-97e2-9e0e-f03237d81426" executionId="e969b8de-027c-4799-b2da-9c44aee80490" testListId="8c84fa94-04c1-424b-9868-57a2d4851a1d" />
    <TestEntry testId="7edec188-4dd0-83ec-7689-4d107522630b" executionId="174ef1fd-4078-4cfb-b83b-752e6a5b4afa" testListId="8c84fa94-04c1-424b-9868-57a2d4851a1d" />
    <TestEntry testId="a1d9cf2f-ca94-1fa4-72e7-72f45e315643" executionId="1e1a2253-6e45-442d-b0eb-9391cc571fc1" testListId="8c84fa94-04c1-424b-9868-57a2d4851a1d" />
    <TestEntry testId="359dce17-c496-3826-0655-d0a5251ff195" executionId="4747f403-c68f-4d1d-a84f-fdff2ff42078" testListId="8c84fa94-04c1-424b-9868-57a2d4851a1d" />
    <TestEntry testId="2b0f40a6-afeb-f090-9d77-5d7a6076bc9b" executionId="113266b6-9e54-423e-b9ac-ec0dade4f41b" testListId="8c84fa94-04c1-424b-9868-57a2d4851a1d" />
    <TestEntry testId="4c80526c-928a-67e8-a5d1-056865b5333e" executionId="f30579d9-1b9a-49b1-b7f4-b7b3da7fd2a4" testListId="8c84fa94-04c1-424b-9868-57a2d4851a1d" />
    <TestEntry testId="1fde853e-d3df-281c-ce19-346306c66dc9" executionId="3804b7d2-301c-4d1a-9b19-dc9de4257b7f" testListId="8c84fa94-04c1-424b-9868-57a2d4851a1d" />
    <TestEntry testId="084662be-b6c9-1804-888d-880232ba27fc" executionId="f9c163f1-b70b-4ac8-8505-d590a4635491" testListId="8c84fa94-04c1-424b-9868-57a2d4851a1d" />
    <TestEntry testId="f24fc520-1e6a-d441-0991-43324cf01c81" executionId="ffbc1f7e-19d2-4693-9f9c-5b152710dbe9" testListId="8c84fa94-04c1-424b-9868-57a2d4851a1d" />
    <TestEntry testId="92c1c465-3330-37d4-5f36-7943d4cac84c" executionId="20433f28-27d5-4925-aeba-e29e08bab965" testListId="8c84fa94-04c1-424b-9868-57a2d4851a1d" />
    <TestEntry testId="2a3e0824-7372-7203-e1d6-a28be058ab98" executionId="2735fa87-e31d-43f1-98f8-3a59393c5e7e" testListId="8c84fa94-04c1-424b-9868-57a2d4851a1d" />
  </TestEntries>
  <Results>
    <UnitTestResult executionId="1ea71020-5c11-49ff-a7d9-ed68ddbc352e" testId="d6cf0c8d-911e-3d4e-571c-aa95b2db1e06" testName="CodedUITestMethod1" computerName="WIN-XSH" duration="00:00:01.2418332" startTime="2011-01-05T16:57:24.4677734+08:00" endTime="2011-01-05T16:57:28.2265625+08:00" testType="13cdc9d9-ddb5-4fa4-a97d-d965ccfc6d4b" outcome="Passed" testListId="8c84fa94-04c1-424b-9868-57a2d4851a1d" relativeResultsDirectory="1ea71020-5c11-49ff-a7d9-ed68ddbc352e">
      <Output>
        <DebugTrace>W, 6372, 14, 2011/01/05, 16:57:26.712, 2968160587, QTAgent32.exe, IEDOM : StopSession of the plugin called before StartSession
W, 6372, 14, 2011/01/05, 16:57:26.715, 2968167571, QTAgent32.exe, UIA : StopSession of the plugin called before StartSession
</DebugTrace>
      </Output>
      <CollectorDataEntries>
        <Collector agentName="WIN-XSH" uri="datacollector://microsoft/TestImpact/1.0" collectorDisplayName="Test Impact">
          <UriAttachments>
            <UriAttachment>
              <A href="WIN-XSH\testimpact.xml">Test Impact Data</A>
            </UriAttachment>
          </UriAttachments>
        </Collector>
      </CollectorDataEntries>
    </UnitTestResult>
    <UnitTestResult executionId="d3741ac1-8f91-44fb-85df-e6d1a88e4d97" testId="cdc4ca46-1f20-c5a9-28ec-4fe875b8bfe5" testName="KBMActionRecorderLinqConstructorTest" computerName="WIN-XSH" duration="00:00:00.1216825" startTime="2011-01-05T16:57:28.2382812+08:00" endTime="2011-01-05T16:57:28.4609375+08:00" testType="13cdc9d9-ddb5-4fa4-a97d-d965ccfc6d4b" outcome="Passed" testListId="8c84fa94-04c1-424b-9868-57a2d4851a1d" relativeResultsDirectory="d3741ac1-8f91-44fb-85df-e6d1a88e4d97">
      <CollectorDataEntries>
        <Collector agentName="WIN-XSH" uri="datacollector://microsoft/TestImpact/1.0" collectorDisplayName="Test Impact">
          <UriAttachments>
            <UriAttachment>
              <A href="WIN-XSH\testimpact.xml">Test Impact Data</A>
            </UriAttachment>
          </UriAttachments>
        </Collector>
      </CollectorDataEntries>
    </UnitTestResult>
    <UnitTestResult executionId="a4f7a13f-45a5-4cc3-abcd-c64d961c0f5f" testId="750e142f-11ed-3b17-0d7b-4a799a3fece7" testName="KBMActionRecorderLinqConstructorTest1" computerName="WIN-XSH" duration="00:00:00.0166769" startTime="2011-01-05T16:57:28.5058593+08:00" endTime="2011-01-05T16:57:28.5634765+08:00" testType="13cdc9d9-ddb5-4fa4-a97d-d965ccfc6d4b" outcome="Passed" testListId="8c84fa94-04c1-424b-9868-57a2d4851a1d" relativeResultsDirectory="a4f7a13f-45a5-4cc3-abcd-c64d961c0f5f">
      <CollectorDataEntries>
        <Collector agentName="WIN-XSH" uri="datacollector://microsoft/TestImpact/1.0" collectorDisplayName="Test Impact">
          <UriAttachments>
            <UriAttachment>
              <A href="WIN-XSH\testimpact.xml">Test Impact Data</A>
            </UriAttachment>
          </UriAttachments>
        </Collector>
      </CollectorDataEntries>
    </UnitTestResult>
    <UnitTestResult executionId="38d1eb11-1cf2-4ded-bf1b-bf997624cd6f" testId="ce44d49a-bcb6-8223-08fe-e0e7025a1055" testName="AddActionNodesToActionListTest" computerName="WIN-XSH" duration="00:00:00.0494732" startTime="2011-01-05T16:57:28.5693359+08:00" endTime="2011-01-05T16:57:28.6601562+08:00" testType="13cdc9d9-ddb5-4fa4-a97d-d965ccfc6d4b" outcome="Passed" testListId="8c84fa94-04c1-424b-9868-57a2d4851a1d" relativeResultsDirectory="38d1eb11-1cf2-4ded-bf1b-bf997624cd6f">
      <CollectorDataEntries>
        <Collector agentName="WIN-XSH" uri="datacollector://microsoft/TestImpact/1.0" collectorDisplayName="Test Impact">
          <UriAttachments>
            <UriAttachment>
              <A href="WIN-XSH\testimpact.xml">Test Impact Data</A>
            </UriAttachment>
          </UriAttachments>
        </Collector>
      </CollectorDataEntries>
    </UnitTestResult>
    <UnitTestResult executionId="f9fc600e-048d-4e57-abbe-33daaf62ab81" testId="fdf602e7-0ace-dc3b-07fe-f6247be722fb" testName="AddKeyboardActionToActionListTest" computerName="WIN-XSH" duration="00:00:00.0062313" startTime="2011-01-05T16:57:28.6669921+08:00" endTime="2011-01-05T16:57:28.7109375+08:00" testType="13cdc9d9-ddb5-4fa4-a97d-d965ccfc6d4b" outcome="Passed" testListId="8c84fa94-04c1-424b-9868-57a2d4851a1d" relativeResultsDirectory="f9fc600e-048d-4e57-abbe-33daaf62ab81">
      <CollectorDataEntries>
        <Collector agentName="WIN-XSH" uri="datacollector://microsoft/TestImpact/1.0" collectorDisplayName="Test Impact">
          <UriAttachments>
            <UriAttachment>
              <A href="WIN-XSH\testimpact.xml">Test Impact Data</A>
            </UriAttachment>
          </UriAttachments>
        </Collector>
      </CollectorDataEntries>
    </UnitTestResult>
    <UnitTestResult executionId="3530ae2c-b61c-4226-b97f-9971f7fe1c27" testId="132ac66e-ad4c-b06e-9031-6ec6f3c38688" testName="AddKeyboradActionNodesToActionListTest" computerName="WIN-XSH" duration="00:00:00.0088635" startTime="2011-01-05T16:57:28.7148437+08:00" endTime="2011-01-05T16:57:28.7587890+08:00" testType="13cdc9d9-ddb5-4fa4-a97d-d965ccfc6d4b" outcome="Passed" testListId="8c84fa94-04c1-424b-9868-57a2d4851a1d" relativeResultsDirectory="3530ae2c-b61c-4226-b97f-9971f7fe1c27">
      <CollectorDataEntries>
        <Collector agentName="WIN-XSH" uri="datacollector://microsoft/TestImpact/1.0" collectorDisplayName="Test Impact">
          <UriAttachments>
            <UriAttachment>
              <A href="WIN-XSH\testimpact.xml">Test Impact Data</A>
            </UriAttachment>
          </UriAttachments>
        </Collector>
      </CollectorDataEntries>
    </UnitTestResult>
    <UnitTestResult executionId="79ee1840-ae14-48fe-a052-6f89214ac5de" testId="4fd399ce-c2ac-ae35-baa9-1855299e1db7" testName="AddMouseActionNodesToActionListTest" computerName="WIN-XSH" duration="00:00:00.0086969" startTime="2011-01-05T16:57:28.7626953+08:00" endTime="2011-01-05T16:57:28.8173828+08:00" testType="13cdc9d9-ddb5-4fa4-a97d-d965ccfc6d4b" outcome="Passed" testListId="8c84fa94-04c1-424b-9868-57a2d4851a1d" relativeResultsDirectory="79ee1840-ae14-48fe-a052-6f89214ac5de">
      <CollectorDataEntries>
        <Collector agentName="WIN-XSH" uri="datacollector://microsoft/TestImpact/1.0" collectorDisplayName="Test Impact">
          <UriAttachments>
            <UriAttachment>
              <A href="WIN-XSH\testimpact.xml">Test Impact Data</A>
            </UriAttachment>
          </UriAttachments>
        </Collector>
      </CollectorDataEntries>
    </UnitTestResult>
    <UnitTestResult executionId="7bf9f452-a0b5-496b-b62f-8e6f4257197d" testId="a094cc17-cb88-3b4d-60bd-63dcadfedf53" testName="AddMouseActionToActionListTest" computerName="WIN-XSH" duration="00:00:00.0055623" startTime="2011-01-05T16:57:28.8222656+08:00" endTime="2011-01-05T16:57:28.8613281+08:00" testType="13cdc9d9-ddb5-4fa4-a97d-d965ccfc6d4b" outcome="Passed" testListId="8c84fa94-04c1-424b-9868-57a2d4851a1d" relativeResultsDirectory="7bf9f452-a0b5-496b-b62f-8e6f4257197d">
      <CollectorDataEntries>
        <Collector agentName="WIN-XSH" uri="datacollector://microsoft/TestImpact/1.0" collectorDisplayName="Test Impact">
          <UriAttachments>
            <UriAttachment>
              <A href="WIN-XSH\testimpact.xml">Test Impact Data</A>
            </UriAttachment>
          </UriAttachments>
        </Collector>
      </CollectorDataEntries>
    </UnitTestResult>
    <UnitTestResult executionId="72dca931-a3e8-459d-9291-1ad37a57a2d4" testId="d208e47e-0502-18fe-7042-0afe8fb79b2d" testName="GetActionNodesTest" computerName="WIN-XSH" duration="00:00:00.0287084" startTime="2011-01-05T16:57:28.8652343+08:00" endTime="2011-01-05T16:57:28.9277343+08:00" testType="13cdc9d9-ddb5-4fa4-a97d-d965ccfc6d4b" outcome="Passed" testListId="8c84fa94-04c1-424b-9868-57a2d4851a1d" relativeResultsDirectory="72dca931-a3e8-459d-9291-1ad37a57a2d4">
      <CollectorDataEntries>
        <Collector agentName="WIN-XSH" uri="datacollector://microsoft/TestImpact/1.0" collectorDisplayName="Test Impact">
          <UriAttachments>
            <UriAttachment>
              <A href="WIN-XSH\testimpact.xml">Test Impact Data</A>
            </UriAttachment>
          </UriAttachments>
        </Collector>
      </CollectorDataEntries>
    </UnitTestResult>
    <UnitTestResult executionId="c4e51b86-762c-40e3-b2fb-37e7e97a9e2c" testId="9ea538e5-c6a2-bf0c-dfff-7a76a8219328" testName="GetDatasTest" computerName="WIN-XSH" duration="00:00:00.0223215" startTime="2011-01-05T16:57:28.9316406+08:00" endTime="2011-01-05T16:57:28.9863281+08:00" testType="13cdc9d9-ddb5-4fa4-a97d-d965ccfc6d4b" outcome="Passed" testListId="8c84fa94-04c1-424b-9868-57a2d4851a1d" relativeResultsDirectory="c4e51b86-762c-40e3-b2fb-37e7e97a9e2c">
      <CollectorDataEntries>
        <Collector agentName="WIN-XSH" uri="datacollector://microsoft/TestImpact/1.0" collectorDisplayName="Test Impact">
          <UriAttachments>
            <UriAttachment>
              <A href="WIN-XSH\testimpact.xml">Test Impact Data</A>
            </UriAttachment>
          </UriAttachments>
        </Collector>
      </CollectorDataEntries>
    </UnitTestResult>
    <UnitTestResult executionId="9bbc6d46-d584-46ae-adf0-aa5bc561d34d" testId="ee7bda79-4244-6b77-1a5b-ea61dadeb9dc" testName="GetKeyboardActionDatasTest" computerName="WIN-XSH" duration="00:00:00.0137955" startTime="2011-01-05T16:57:28.9902343+08:00" endTime="2011-01-05T16:57:29.0371093+08:00" testType="13cdc9d9-ddb5-4fa4-a97d-d965ccfc6d4b" outcome="Passed" testListId="8c84fa94-04c1-424b-9868-57a2d4851a1d" relativeResultsDirectory="9bbc6d46-d584-46ae-adf0-aa5bc561d34d">
      <CollectorDataEntries>
        <Collector agentName="WIN-XSH" uri="datacollector://microsoft/TestImpact/1.0" collectorDisplayName="Test Impact">
          <UriAttachments>
            <UriAttachment>
              <A href="WIN-XSH\testimpact.xml">Test Impact Data</A>
            </UriAttachment>
          </UriAttachments>
        </Collector>
      </CollectorDataEntries>
    </UnitTestResult>
    <UnitTestResult executionId="f109b344-5c43-400f-b616-60618ff05151" testId="e12cffd0-a277-ce4a-73f5-bb421ed2903f" testName="GetKeyboradActionNodesTest" computerName="WIN-XSH" duration="00:00:00.0071333" startTime="2011-01-05T16:57:29.0429687+08:00" endTime="2011-01-05T16:57:29.0966796+08:00" testType="13cdc9d9-ddb5-4fa4-a97d-d965ccfc6d4b" outcome="Passed" testListId="8c84fa94-04c1-424b-9868-57a2d4851a1d" relativeResultsDirectory="f109b344-5c43-400f-b616-60618ff05151">
      <CollectorDataEntries>
        <Collector agentName="WIN-XSH" uri="datacollector://microsoft/TestImpact/1.0" collectorDisplayName="Test Impact">
          <UriAttachments>
            <UriAttachment>
              <A href="WIN-XSH\testimpact.xml">Test Impact Data</A>
            </UriAttachment>
          </UriAttachments>
        </Collector>
      </CollectorDataEntries>
    </UnitTestResult>
    <UnitTestResult executionId="2e22a126-3a97-402c-907d-8dae37cc3baf" testId="0b610023-763f-5d2e-656a-3bc9cfba860b" testName="GetMouseActionDatasTest" computerName="WIN-XSH" duration="00:00:00.0089580" startTime="2011-01-05T16:57:29.1015625+08:00" endTime="2011-01-05T16:57:29.1416015+08:00" testType="13cdc9d9-ddb5-4fa4-a97d-d965ccfc6d4b" outcome="Passed" testListId="8c84fa94-04c1-424b-9868-57a2d4851a1d" relativeResultsDirectory="2e22a126-3a97-402c-907d-8dae37cc3baf">
      <CollectorDataEntries>
        <Collector agentName="WIN-XSH" uri="datacollector://microsoft/TestImpact/1.0" collectorDisplayName="Test Impact">
          <UriAttachments>
            <UriAttachment>
              <A href="WIN-XSH\testimpact.xml">Test Impact Data</A>
            </UriAttachment>
          </UriAttachments>
        </Collector>
      </CollectorDataEntries>
    </UnitTestResult>
    <UnitTestResult executionId="2678c9ef-f828-45f0-ab11-e2cc923caf12" testId="6736eb01-a01b-c98c-c1fd-34538d7e9bd7" testName="GetMouseActionNodesTest" computerName="WIN-XSH" duration="00:00:00.0072880" startTime="2011-01-05T16:57:29.1503906+08:00" endTime="2011-01-05T16:57:29.1943359+08:00" testType="13cdc9d9-ddb5-4fa4-a97d-d965ccfc6d4b" outcome="Passed" testListId="8c84fa94-04c1-424b-9868-57a2d4851a1d" relativeResultsDirectory="2678c9ef-f828-45f0-ab11-e2cc923caf12">
      <CollectorDataEntries>
        <Collector agentName="WIN-XSH" uri="datacollector://microsoft/TestImpact/1.0" collectorDisplayName="Test Impact">
          <UriAttachments>
            <UriAttachment>
              <A href="WIN-XSH\testimpact.xml">Test Impact Data</A>
            </UriAttachment>
          </UriAttachments>
        </Collector>
      </CollectorDataEntries>
    </UnitTestResult>
    <UnitTestResult executionId="321b2b7f-975f-46b1-a402-cfdb54fe5694" testId="074d3a28-d150-b66f-57b9-7e0da040bdd8" testName="JudgeKeyeventTest" computerName="WIN-XSH" duration="00:00:00.0062769" startTime="2011-01-05T16:57:29.1972656+08:00" endTime="2011-01-05T16:57:29.2441406+08:00" testType="13cdc9d9-ddb5-4fa4-a97d-d965ccfc6d4b" outcome="Passed" testListId="8c84fa94-04c1-424b-9868-57a2d4851a1d" relativeResultsDirectory="321b2b7f-975f-46b1-a402-cfdb54fe5694">
      <CollectorDataEntries>
        <Collector agentName="WIN-XSH" uri="datacollector://microsoft/TestImpact/1.0" collectorDisplayName="Test Impact">
          <UriAttachments>
            <UriAttachment>
              <A href="WIN-XSH\testimpact.xml">Test Impact Data</A>
            </UriAttachment>
          </UriAttachments>
        </Collector>
      </CollectorDataEntries>
    </UnitTestResult>
    <UnitTestResult executionId="2c4e68c8-1c42-44a3-be64-6d82e5ab572f" testId="de8df89c-83bc-d6af-1f47-cccbd2125445" testName="JudgeMouseeventTest" computerName="WIN-XSH" duration="00:00:00.0066341" startTime="2011-01-05T16:57:29.2607421+08:00" endTime="2011-01-05T16:57:29.3427734+08:00" testType="13cdc9d9-ddb5-4fa4-a97d-d965ccfc6d4b" outcome="Passed" testListId="8c84fa94-04c1-424b-9868-57a2d4851a1d" relativeResultsDirectory="2c4e68c8-1c42-44a3-be64-6d82e5ab572f">
      <CollectorDataEntries>
        <Collector agentName="WIN-XSH" uri="datacollector://microsoft/TestImpact/1.0" collectorDisplayName="Test Impact">
          <UriAttachments>
            <UriAttachment>
              <A href="WIN-XSH\testimpact.xml">Test Impact Data</A>
            </UriAttachment>
          </UriAttachments>
        </Collector>
      </CollectorDataEntries>
    </UnitTestResult>
    <UnitTestResult executionId="aea4b351-7d48-4784-9f93-99fdce3cdcb9" testId="49fd5275-6f51-7ac2-3d0f-ccea8fbc2f6f" testName="WriteDataTest" computerName="WIN-XSH" duration="00:00:00.0097186" startTime="2011-01-05T16:57:29.3632812+08:00" endTime="2011-01-05T16:57:29.4345703+08:00" testType="13cdc9d9-ddb5-4fa4-a97d-d965ccfc6d4b" outcome="Passed" testListId="8c84fa94-04c1-424b-9868-57a2d4851a1d" relativeResultsDirectory="aea4b351-7d48-4784-9f93-99fdce3cdcb9">
      <CollectorDataEntries>
        <Collector agentName="WIN-XSH" uri="datacollector://microsoft/TestImpact/1.0" collectorDisplayName="Test Impact">
          <UriAttachments>
            <UriAttachment>
              <A href="WIN-XSH\testimpact.xml">Test Impact Data</A>
            </UriAttachment>
          </UriAttachments>
        </Collector>
      </CollectorDataEntries>
    </UnitTestResult>
    <UnitTestResult executionId="08d4cb35-1f52-4af2-ad05-ac3a0a04a28d" testId="823f77e3-d0e6-dd11-9826-7284ca01aa9f" testName="WriteDataTest1" computerName="WIN-XSH" duration="00:00:00.0153547" startTime="2011-01-05T16:57:29.4433593+08:00" endTime="2011-01-05T16:57:29.5019531+08:00" testType="13cdc9d9-ddb5-4fa4-a97d-d965ccfc6d4b" outcome="Passed" testListId="8c84fa94-04c1-424b-9868-57a2d4851a1d" relativeResultsDirectory="08d4cb35-1f52-4af2-ad05-ac3a0a04a28d">
      <CollectorDataEntries>
        <Collector agentName="WIN-XSH" uri="datacollector://microsoft/TestImpact/1.0" collectorDisplayName="Test Impact">
          <UriAttachments>
            <UriAttachment>
              <A href="WIN-XSH\testimpact.xml">Test Impact Data</A>
            </UriAttachment>
          </UriAttachments>
        </Collector>
      </CollectorDataEntries>
    </UnitTestResult>
    <UnitTestResult executionId="1568d19e-9612-4126-8537-ab605602b309" testId="a64592c7-8c76-ac7e-feee-03282e5bd032" testName="CodedUITestMethod1" computerName="WIN-XSH" duration="00:00:00.0366806" startTime="2011-01-05T16:57:29.5488281+08:00" endTime="2011-01-05T16:57:29.6357421+08:00" testType="13cdc9d9-ddb5-4fa4-a97d-d965ccfc6d4b" outcome="Passed" testListId="8c84fa94-04c1-424b-9868-57a2d4851a1d" relativeResultsDirectory="1568d19e-9612-4126-8537-ab605602b309">
      <Output>
        <DebugTrace>W, 6372, 58, 2011/01/05, 16:57:29.593, 2975234623, QTAgent32.exe, IEDOM : StopSession of the plugin called before StartSession
W, 6372, 58, 2011/01/05, 16:57:29.593, 2975234967, QTAgent32.exe, UIA : StopSession of the plugin called before StartSession
</DebugTrace>
      </Output>
      <CollectorDataEntries>
        <Collector agentName="WIN-XSH" uri="datacollector://microsoft/TestImpact/1.0" collectorDisplayName="Test Impact">
          <UriAttachments>
            <UriAttachment>
              <A href="WIN-XSH\testimpact.xml">Test Impact Data</A>
            </UriAttachment>
          </UriAttachments>
        </Collector>
      </CollectorDataEntries>
    </UnitTestResult>
    <UnitTestResult executionId="e78d89d0-839e-4e74-b8e0-1ccf08755f45" testId="a29c449b-97e1-032e-d9f9-3d299f827d12" testName="MActionRecorderLinqConstructorTest" computerName="WIN-XSH" duration="00:00:00.0120600" startTime="2011-01-05T16:57:29.6445312+08:00" endTime="2011-01-05T16:57:29.6982421+08:00" testType="13cdc9d9-ddb5-4fa4-a97d-d965ccfc6d4b" outcome="Passed" testListId="8c84fa94-04c1-424b-9868-57a2d4851a1d" relativeResultsDirectory="e78d89d0-839e-4e74-b8e0-1ccf08755f45">
      <CollectorDataEntries>
        <Collector agentName="WIN-XSH" uri="datacollector://microsoft/TestImpact/1.0" collectorDisplayName="Test Impact">
          <UriAttachments>
            <UriAttachment>
              <A href="WIN-XSH\testimpact.xml">Test Impact Data</A>
            </UriAttachment>
          </UriAttachments>
        </Collector>
      </CollectorDataEntries>
    </UnitTestResult>
    <UnitTestResult executionId="bde3fc32-3e30-445d-8fb7-44b2a92073d9" testId="4f405f52-5a9f-3228-892f-0d0cc709508e" testName="MActionRecorderLinqConstructorTest1" computerName="WIN-XSH" duration="00:00:00.0048811" startTime="2011-01-05T16:57:29.7041015+08:00" endTime="2011-01-05T16:57:29.7548828+08:00" testType="13cdc9d9-ddb5-4fa4-a97d-d965ccfc6d4b" outcome="Passed" testListId="8c84fa94-04c1-424b-9868-57a2d4851a1d" relativeResultsDirectory="bde3fc32-3e30-445d-8fb7-44b2a92073d9">
      <CollectorDataEntries>
        <Collector agentName="WIN-XSH" uri="datacollector://microsoft/TestImpact/1.0" collectorDisplayName="Test Impact">
          <UriAttachments>
            <UriAttachment>
              <A href="WIN-XSH\testimpact.xml">Test Impact Data</A>
            </UriAttachment>
          </UriAttachments>
        </Collector>
      </CollectorDataEntries>
    </UnitTestResult>
    <UnitTestResult executionId="e969b8de-027c-4799-b2da-9c44aee80490" testId="2e20b2c8-e6e3-97e2-9e0e-f03237d81426" testName="AddMouseActionNodesToActionListTest" computerName="WIN-XSH" duration="00:00:00.0072628" startTime="2011-01-05T16:57:29.7607421+08:00" endTime="2011-01-05T16:57:29.8164062+08:00" testType="13cdc9d9-ddb5-4fa4-a97d-d965ccfc6d4b" outcome="Passed" testListId="8c84fa94-04c1-424b-9868-57a2d4851a1d" relativeResultsDirectory="e969b8de-027c-4799-b2da-9c44aee80490">
      <CollectorDataEntries>
        <Collector agentName="WIN-XSH" uri="datacollector://microsoft/TestImpact/1.0" collectorDisplayName="Test Impact">
          <UriAttachments>
            <UriAttachment>
              <A href="WIN-XSH\testimpact.xml">Test Impact Data</A>
            </UriAttachment>
          </UriAttachments>
        </Collector>
      </CollectorDataEntries>
    </UnitTestResult>
    <UnitTestResult executionId="174ef1fd-4078-4cfb-b83b-752e6a5b4afa" testId="7edec188-4dd0-83ec-7689-4d107522630b" testName="GetDatasTest" computerName="WIN-XSH" duration="00:00:00.0096087" startTime="2011-01-05T16:57:29.8222656+08:00" endTime="2011-01-05T16:57:29.8798828+08:00" testType="13cdc9d9-ddb5-4fa4-a97d-d965ccfc6d4b" outcome="Passed" testListId="8c84fa94-04c1-424b-9868-57a2d4851a1d" relativeResultsDirectory="174ef1fd-4078-4cfb-b83b-752e6a5b4afa">
      <CollectorDataEntries>
        <Collector agentName="WIN-XSH" uri="datacollector://microsoft/TestImpact/1.0" collectorDisplayName="Test Impact">
          <UriAttachments>
            <UriAttachment>
              <A href="WIN-XSH\testimpact.xml">Test Impact Data</A>
            </UriAttachment>
          </UriAttachments>
        </Collector>
      </CollectorDataEntries>
    </UnitTestResult>
    <UnitTestResult executionId="1e1a2253-6e45-442d-b0eb-9391cc571fc1" testId="a1d9cf2f-ca94-1fa4-72e7-72f45e315643" testName="GetMouseActionNodesTest" computerName="WIN-XSH" duration="00:00:00.0159736" startTime="2011-01-05T16:57:29.8857421+08:00" endTime="2011-01-05T16:57:30.0136718+08:00" testType="13cdc9d9-ddb5-4fa4-a97d-d965ccfc6d4b" outcome="Passed" testListId="8c84fa94-04c1-424b-9868-57a2d4851a1d" relativeResultsDirectory="1e1a2253-6e45-442d-b0eb-9391cc571fc1">
      <CollectorDataEntries>
        <Collector agentName="WIN-XSH" uri="datacollector://microsoft/TestImpact/1.0" collectorDisplayName="Test Impact">
          <UriAttachments>
            <UriAttachment>
              <A href="WIN-XSH\testimpact.xml">Test Impact Data</A>
            </UriAttachment>
          </UriAttachments>
        </Collector>
      </CollectorDataEntries>
    </UnitTestResult>
    <UnitTestResult executionId="4747f403-c68f-4d1d-a84f-fdff2ff42078" testId="359dce17-c496-3826-0655-d0a5251ff195" testName="JudgeMouseeventTest" computerName="WIN-XSH" duration="00:00:00.0090158" startTime="2011-01-05T16:57:30.0224609+08:00" endTime="2011-01-05T16:57:30.0849609+08:00" testType="13cdc9d9-ddb5-4fa4-a97d-d965ccfc6d4b" outcome="Passed" testListId="8c84fa94-04c1-424b-9868-57a2d4851a1d" relativeResultsDirectory="4747f403-c68f-4d1d-a84f-fdff2ff42078">
      <CollectorDataEntries>
        <Collector agentName="WIN-XSH" uri="datacollector://microsoft/TestImpact/1.0" collectorDisplayName="Test Impact">
          <UriAttachments>
            <UriAttachment>
              <A href="WIN-XSH\testimpact.xml">Test Impact Data</A>
            </UriAttachment>
          </UriAttachments>
        </Collector>
      </CollectorDataEntries>
    </UnitTestResult>
    <UnitTestResult executionId="113266b6-9e54-423e-b9ac-ec0dade4f41b" testId="2b0f40a6-afeb-f090-9d77-5d7a6076bc9b" testName="WriteDataTest" computerName="WIN-XSH" duration="00:00:00.0136933" startTime="2011-01-05T16:57:30.0888671+08:00" endTime="2011-01-05T16:57:30.1464843+08:00" testType="13cdc9d9-ddb5-4fa4-a97d-d965ccfc6d4b" outcome="Passed" testListId="8c84fa94-04c1-424b-9868-57a2d4851a1d" relativeResultsDirectory="113266b6-9e54-423e-b9ac-ec0dade4f41b">
      <CollectorDataEntries>
        <Collector agentName="WIN-XSH" uri="datacollector://microsoft/TestImpact/1.0" collectorDisplayName="Test Impact">
          <UriAttachments>
            <UriAttachment>
              <A href="WIN-XSH\testimpact.xml">Test Impact Data</A>
            </UriAttachment>
          </UriAttachments>
        </Collector>
      </CollectorDataEntries>
    </UnitTestResult>
    <UnitTestResult executionId="f30579d9-1b9a-49b1-b7f4-b7b3da7fd2a4" testId="4c80526c-928a-67e8-a5d1-056865b5333e" testName="KBActionRecorderLinqConstructorTest" computerName="WIN-XSH" duration="00:00:00.0058266" startTime="2011-01-05T16:57:30.1601562+08:00" endTime="2011-01-05T16:57:30.2167968+08:00" testType="13cdc9d9-ddb5-4fa4-a97d-d965ccfc6d4b" outcome="Passed" testListId="8c84fa94-04c1-424b-9868-57a2d4851a1d" relativeResultsDirectory="f30579d9-1b9a-49b1-b7f4-b7b3da7fd2a4">
      <CollectorDataEntries>
        <Collector agentName="WIN-XSH" uri="datacollector://microsoft/TestImpact/1.0" collectorDisplayName="Test Impact">
          <UriAttachments>
            <UriAttachment>
              <A href="WIN-XSH\testimpact.xml">Test Impact Data</A>
            </UriAttachment>
          </UriAttachments>
        </Collector>
      </CollectorDataEntries>
    </UnitTestResult>
    <UnitTestResult executionId="3804b7d2-301c-4d1a-9b19-dc9de4257b7f" testId="1fde853e-d3df-281c-ce19-346306c66dc9" testName="AddKeyboradActionNodesToActionListTest" computerName="WIN-XSH" duration="00:00:00.0098497" startTime="2011-01-05T16:57:30.2226562+08:00" endTime="2011-01-05T16:57:30.2792968+08:00" testType="13cdc9d9-ddb5-4fa4-a97d-d965ccfc6d4b" outcome="Passed" testListId="8c84fa94-04c1-424b-9868-57a2d4851a1d" relativeResultsDirectory="3804b7d2-301c-4d1a-9b19-dc9de4257b7f">
      <CollectorDataEntries>
        <Collector agentName="WIN-XSH" uri="datacollector://microsoft/TestImpact/1.0" collectorDisplayName="Test Impact">
          <UriAttachments>
            <UriAttachment>
              <A href="WIN-XSH\testimpact.xml">Test Impact Data</A>
            </UriAttachment>
          </UriAttachments>
        </Collector>
      </CollectorDataEntries>
    </UnitTestResult>
    <UnitTestResult executionId="f9c163f1-b70b-4ac8-8505-d590a4635491" testId="084662be-b6c9-1804-888d-880232ba27fc" testName="GetDatasTest" computerName="WIN-XSH" duration="00:00:00.0152252" startTime="2011-01-05T16:57:30.2851562+08:00" endTime="2011-01-05T16:57:30.3476562+08:00" testType="13cdc9d9-ddb5-4fa4-a97d-d965ccfc6d4b" outcome="Passed" testListId="8c84fa94-04c1-424b-9868-57a2d4851a1d" relativeResultsDirectory="f9c163f1-b70b-4ac8-8505-d590a4635491">
      <CollectorDataEntries>
        <Collector agentName="WIN-XSH" uri="datacollector://microsoft/TestImpact/1.0" collectorDisplayName="Test Impact">
          <UriAttachments>
            <UriAttachment>
              <A href="WIN-XSH\testimpact.xml">Test Impact Data</A>
            </UriAttachment>
          </UriAttachments>
        </Collector>
      </CollectorDataEntries>
    </UnitTestResult>
    <UnitTestResult executionId="ffbc1f7e-19d2-4693-9f9c-5b152710dbe9" testId="f24fc520-1e6a-d441-0991-43324cf01c81" testName="GetKeyboradActionNodesTest" computerName="WIN-XSH" duration="00:00:00.0110200" startTime="2011-01-05T16:57:30.3535156+08:00" endTime="2011-01-05T16:57:30.4101562+08:00" testType="13cdc9d9-ddb5-4fa4-a97d-d965ccfc6d4b" outcome="Passed" testListId="8c84fa94-04c1-424b-9868-57a2d4851a1d" relativeResultsDirectory="ffbc1f7e-19d2-4693-9f9c-5b152710dbe9">
      <CollectorDataEntries>
        <Collector agentName="WIN-XSH" uri="datacollector://microsoft/TestImpact/1.0" collectorDisplayName="Test Impact">
          <UriAttachments>
            <UriAttachment>
              <A href="WIN-XSH\testimpact.xml">Test Impact Data</A>
            </UriAttachment>
          </UriAttachments>
        </Collector>
      </CollectorDataEntries>
    </UnitTestResult>
    <UnitTestResult executionId="20433f28-27d5-4925-aeba-e29e08bab965" testId="92c1c465-3330-37d4-5f36-7943d4cac84c" testName="JudgeKeyeventTest" computerName="WIN-XSH" duration="00:00:00.0062847" startTime="2011-01-05T16:57:30.4160156+08:00" endTime="2011-01-05T16:57:30.4707031+08:00" testType="13cdc9d9-ddb5-4fa4-a97d-d965ccfc6d4b" outcome="Passed" testListId="8c84fa94-04c1-424b-9868-57a2d4851a1d" relativeResultsDirectory="20433f28-27d5-4925-aeba-e29e08bab965">
      <CollectorDataEntries>
        <Collector agentName="WIN-XSH" uri="datacollector://microsoft/TestImpact/1.0" collectorDisplayName="Test Impact">
          <UriAttachments>
            <UriAttachment>
              <A href="WIN-XSH\testimpact.xml">Test Impact Data</A>
            </UriAttachment>
          </UriAttachments>
        </Collector>
      </CollectorDataEntries>
    </UnitTestResult>
    <UnitTestResult executionId="2735fa87-e31d-43f1-98f8-3a59393c5e7e" testId="2a3e0824-7372-7203-e1d6-a28be058ab98" testName="WriteDataTest" computerName="WIN-XSH" duration="00:00:00.0093183" startTime="2011-01-05T16:57:30.4775390+08:00" endTime="2011-01-05T16:57:30.5625000+08:00" testType="13cdc9d9-ddb5-4fa4-a97d-d965ccfc6d4b" outcome="Passed" testListId="8c84fa94-04c1-424b-9868-57a2d4851a1d" relativeResultsDirectory="2735fa87-e31d-43f1-98f8-3a59393c5e7e">
      <CollectorDataEntries>
        <Collector agentName="WIN-XSH" uri="datacollector://microsoft/TestImpact/1.0" collectorDisplayName="Test Impact">
          <UriAttachments>
            <UriAttachment>
              <A href="WIN-XSH\testimpact.xml">Test Impact Data</A>
            </UriAttachment>
          </UriAttachments>
        </Collector>
      </CollectorDataEntries>
    </UnitTestResult>
  </Results>
</TestRun>