<?xml version="1.0" encoding="UTF-8"?>
<TestRun id="9020b90a-4bc8-4ff8-99a6-7d4727ea210a" name="Xshi@WIN-XSH 2011-01-05 15:59:09" runUser="WIN-XSH\Xshi" xmlns="http://microsoft.com/schemas/VisualStudio/TeamTest/2010">
  <TestSettings name="Local" id="bb1d265e-4737-41bc-af0d-b611d037b4bb">
    <Description>These are default test settings for a local test run.</Description>
    <Deployment enabled="false" runDeploymentRoot="Xshi_WIN-XSH 2011-01-05 15_59_09">
      <DeploymentItem filename="G:\Team\Miku\SimpleMiku\SimpleMiku\Miku\bin\Debug\Miku.Client.exe" />
      <DeploymentItem filename="C:\Program Files\Microsoft SDKs\Expression\Blend\.NETFramework\v4.0\Libraries\Microsoft.Expression.Interactions.dll" />
      <DeploymentItem filename="C:\Program Files\Microsoft SDKs\Expression\Blend\.NETFramework\v4.0\Libraries\System.Windows.Interactivity.dll" />
    </Deployment>
    <Execution>
      <TestTypeSpecific />
      <AgentRule name="Execution Agents">
        <DataCollectors>
          <DataCollector uri="datacollector://Microsoft/TestImpact/1.0" assemblyQualifiedName="Microsoft.VisualStudio.TraceCollector.TestImpactDataCollector, Microsoft.VisualStudio.TraceCollector, Version=10.0.0.0, Culture=neutral, PublicKeyToken=b03f5f7f11d50a3a">
          </DataCollector>
        </DataCollectors>
      </AgentRule>
    </Execution>
  </TestSettings>
  <Times creation="2011-01-05T15:59:09.6376953+08:00" queuing="2011-01-05T15:59:19.4091796+08:00" start="2011-01-05T15:59:09.6376953+08:00" finish="2011-01-05T16:01:20.0566406+08:00" />
  <ResultSummary outcome="Error">
    <Counters total="32" error="0" failed="0" timeout="0" aborted="0" inconclusive="0" passedButRunAborted="0" notRunnable="0" notExecuted="32" disconnected="0" warning="0" passed="0" completed="0" inProgress="0" pending="0" />
    <RunInfos>
      <RunInfo computerName="WIN-XSH" outcome="Warning" timestamp="2011-01-05T16:01:19.9843750+08:00">
        <Text>Test run 'Xshi@WIN-XSH 2011-01-05 15:59:09' could not be executed. Timed out waiting for the process that runs tests to initialize.</Text>
        <Exception>Microsoft.VisualStudio.TestTools.Exceptions.RigExecutionException: Timed out waiting for the process that runs tests to initialize.
   at Microsoft.VisualStudio.TestTools.Controller.ControllerExecution.SyncAllExecutionAgentsReady()
   at Microsoft.VisualStudio.TestTools.Controller.ControllerExecution.RunStateStarting()</Exception>
      </RunInfo>
    </RunInfos>
  </ResultSummary>
  <TestDefinitions>
    <UnitTest name="MActionRecorderLinqConstructorTest1" storage="g:\team\miku\simplemiku\simplemiku\miku.client.test\bin\debug\miku.client.test.dll" id="4f405f52-5a9f-3228-892f-0d0cc709508e">
      <Execution id="98e7a4c8-4dd8-474e-ac1e-7a189e4059f7" />
      <TestMethod codeBase="G:/Team/Miku/SimpleMiku/SimpleMiku/Miku.Client.Test/bin/Debug/Miku.Client.Test.DLL" adapterTypeName="Microsoft.VisualStudio.TestTools.TestTypes.Unit.UnitTestAdapter, Microsoft.VisualStudio.QualityTools.Tips.UnitTest.Adapter, Version=10.0.0.0, Culture=neutral, PublicKeyToken=b03f5f7f11d50a3a" className="Miku.Client.Test.MActionRecorderLinqTest, Miku.Client.Test, Version=1.0.0.0, Culture=neutral, PublicKeyToken=null" name="MActionRecorderLinqConstructorTest1" />
    </UnitTest>
    <UnitTest name="WriteDataTest" storage="g:\team\miku\simplemiku\simplemiku\miku.client.test\bin\debug\miku.client.test.dll" id="2a3e0824-7372-7203-e1d6-a28be058ab98">
      <Execution id="11870a51-3651-4789-a381-15ee6dd68dfd" />
      <TestMethod codeBase="G:/Team/Miku/SimpleMiku/SimpleMiku/Miku.Client.Test/bin/Debug/Miku.Client.Test.DLL" adapterTypeName="Microsoft.VisualStudio.TestTools.TestTypes.Unit.UnitTestAdapter, Microsoft.VisualStudio.QualityTools.Tips.UnitTest.Adapter, Version=10.0.0.0, Culture=neutral, PublicKeyToken=b03f5f7f11d50a3a" className="Miku.Client.Test.KBActionRecorderLinqTest, Miku.Client.Test, Version=1.0.0.0, Culture=neutral, PublicKeyToken=null" name="WriteDataTest" />
    </UnitTest>
    <UnitTest name="GetKeyboradActionNodesTest" storage="g:\team\miku\simplemiku\simplemiku\miku.client.test\bin\debug\miku.client.test.dll" id="e12cffd0-a277-ce4a-73f5-bb421ed2903f">
      <DeploymentItems>
        <DeploymentItem filename="Miku.Client.exe" />
      </DeploymentItems>
      <Execution id="6116df2b-4284-4326-a6e9-c161d8a0c280" />
      <TestMethod codeBase="G:/Team/Miku/SimpleMiku/SimpleMiku/Miku.Client.Test/bin/Debug/Miku.Client.Test.DLL" adapterTypeName="Microsoft.VisualStudio.TestTools.TestTypes.Unit.UnitTestAdapter, Microsoft.VisualStudio.QualityTools.Tips.UnitTest.Adapter, Version=10.0.0.0, Culture=neutral, PublicKeyToken=b03f5f7f11d50a3a" className="Miku.Client.Test.KBMActionRecorderLinqTest, Miku.Client.Test, Version=1.0.0.0, Culture=neutral, PublicKeyToken=null" name="GetKeyboradActionNodesTest" />
    </UnitTest>
    <UnitTest name="JudgeMouseeventTest" storage="g:\team\miku\simplemiku\simplemiku\miku.client.test\bin\debug\miku.client.test.dll" id="359dce17-c496-3826-0655-d0a5251ff195">
      <DeploymentItems>
        <DeploymentItem filename="Miku.Client.exe" />
      </DeploymentItems>
      <Execution id="e6c4aca7-60c2-48cd-9844-16f6ba8500c1" />
      <TestMethod codeBase="G:/Team/Miku/SimpleMiku/SimpleMiku/Miku.Client.Test/bin/Debug/Miku.Client.Test.DLL" adapterTypeName="Microsoft.VisualStudio.TestTools.TestTypes.Unit.UnitTestAdapter, Microsoft.VisualStudio.QualityTools.Tips.UnitTest.Adapter, Version=10.0.0.0, Culture=neutral, PublicKeyToken=b03f5f7f11d50a3a" className="Miku.Client.Test.MActionRecorderLinqTest, Miku.Client.Test, Version=1.0.0.0, Culture=neutral, PublicKeyToken=null" name="JudgeMouseeventTest" />
    </UnitTest>
    <UnitTest name="AddActionNodesToActionListTest" storage="g:\team\miku\simplemiku\simplemiku\miku.client.test\bin\debug\miku.client.test.dll" id="ce44d49a-bcb6-8223-08fe-e0e7025a1055">
      <DeploymentItems>
        <DeploymentItem filename="Miku.Client.exe" />
      </DeploymentItems>
      <Execution id="1ef1aad0-b98d-4984-8f5f-73f9666f3af9" />
      <TestMethod codeBase="G:/Team/Miku/SimpleMiku/SimpleMiku/Miku.Client.Test/bin/Debug/Miku.Client.Test.DLL" adapterTypeName="Microsoft.VisualStudio.TestTools.TestTypes.Unit.UnitTestAdapter, Microsoft.VisualStudio.QualityTools.Tips.UnitTest.Adapter, Version=10.0.0.0, Culture=neutral, PublicKeyToken=b03f5f7f11d50a3a" className="Miku.Client.Test.KBMActionRecorderLinqTest, Miku.Client.Test, Version=1.0.0.0, Culture=neutral, PublicKeyToken=null" name="AddActionNodesToActionListTest" />
    </UnitTest>
    <UnitTest name="GetKeyboradActionNodesTest" storage="g:\team\miku\simplemiku\simplemiku\miku.client.test\bin\debug\miku.client.test.dll" id="f24fc520-1e6a-d441-0991-43324cf01c81">
      <DeploymentItems>
        <DeploymentItem filename="Miku.Client.exe" />
      </DeploymentItems>
      <Execution id="fd4b8da6-910b-4f3c-a5e6-03017e82a3a9" />
      <TestMethod codeBase="G:/Team/Miku/SimpleMiku/SimpleMiku/Miku.Client.Test/bin/Debug/Miku.Client.Test.DLL" adapterTypeName="Microsoft.VisualStudio.TestTools.TestTypes.Unit.UnitTestAdapter, Microsoft.VisualStudio.QualityTools.Tips.UnitTest.Adapter, Version=10.0.0.0, Culture=neutral, PublicKeyToken=b03f5f7f11d50a3a" className="Miku.Client.Test.KBActionRecorderLinqTest, Miku.Client.Test, Version=1.0.0.0, Culture=neutral, PublicKeyToken=null" name="GetKeyboradActionNodesTest" />
    </UnitTest>
    <UnitTest name="GetDatasTest" storage="g:\team\miku\simplemiku\simplemiku\miku.client.test\bin\debug\miku.client.test.dll" id="7edec188-4dd0-83ec-7689-4d107522630b">
      <Execution id="c64e100d-b37c-45c7-8201-395ad9a8f9fc" />
      <TestMethod codeBase="G:/Team/Miku/SimpleMiku/SimpleMiku/Miku.Client.Test/bin/Debug/Miku.Client.Test.DLL" adapterTypeName="Microsoft.VisualStudio.TestTools.TestTypes.Unit.UnitTestAdapter, Microsoft.VisualStudio.QualityTools.Tips.UnitTest.Adapter, Version=10.0.0.0, Culture=neutral, PublicKeyToken=b03f5f7f11d50a3a" className="Miku.Client.Test.MActionRecorderLinqTest, Miku.Client.Test, Version=1.0.0.0, Culture=neutral, PublicKeyToken=null" name="GetDatasTest" />
    </UnitTest>
    <UnitTest name="JudgeKeyeventTest" storage="g:\team\miku\simplemiku\simplemiku\miku.client.test\bin\debug\miku.client.test.dll" id="074d3a28-d150-b66f-57b9-7e0da040bdd8">
      <DeploymentItems>
        <DeploymentItem filename="Miku.Client.exe" />
      </DeploymentItems>
      <Execution id="c9ba8bde-7a50-4f2e-998e-3b6d46a126ea" />
      <TestMethod codeBase="G:/Team/Miku/SimpleMiku/SimpleMiku/Miku.Client.Test/bin/Debug/Miku.Client.Test.DLL" adapterTypeName="Microsoft.VisualStudio.TestTools.TestTypes.Unit.UnitTestAdapter, Microsoft.VisualStudio.QualityTools.Tips.UnitTest.Adapter, Version=10.0.0.0, Culture=neutral, PublicKeyToken=b03f5f7f11d50a3a" className="Miku.Client.Test.KBMActionRecorderLinqTest, Miku.Client.Test, Version=1.0.0.0, Culture=neutral, PublicKeyToken=null" name="JudgeKeyeventTest" />
    </UnitTest>
    <UnitTest name="WriteDataTest1" storage="g:\team\miku\simplemiku\simplemiku\miku.client.test\bin\debug\miku.client.test.dll" id="823f77e3-d0e6-dd11-9826-7284ca01aa9f">
      <Execution id="c017741d-9662-4be4-9202-0b08422b46a8" />
      <TestMethod codeBase="G:/Team/Miku/SimpleMiku/SimpleMiku/Miku.Client.Test/bin/Debug/Miku.Client.Test.DLL" adapterTypeName="Microsoft.VisualStudio.TestTools.TestTypes.Unit.UnitTestAdapter, Microsoft.VisualStudio.QualityTools.Tips.UnitTest.Adapter, Version=10.0.0.0, Culture=neutral, PublicKeyToken=b03f5f7f11d50a3a" className="Miku.Client.Test.KBMActionRecorderLinqTest, Miku.Client.Test, Version=1.0.0.0, Culture=neutral, PublicKeyToken=null" name="WriteDataTest1" />
    </UnitTest>
    <UnitTest name="AddMouseActionNodesToActionListTest" storage="g:\team\miku\simplemiku\simplemiku\miku.client.test\bin\debug\miku.client.test.dll" id="4fd399ce-c2ac-ae35-baa9-1855299e1db7">
      <DeploymentItems>
        <DeploymentItem filename="Miku.Client.exe" />
      </DeploymentItems>
      <Execution id="01524c58-5efb-4dcb-9cbc-cdba00ff5ec6" />
      <TestMethod codeBase="G:/Team/Miku/SimpleMiku/SimpleMiku/Miku.Client.Test/bin/Debug/Miku.Client.Test.DLL" adapterTypeName="Microsoft.VisualStudio.TestTools.TestTypes.Unit.UnitTestAdapter, Microsoft.VisualStudio.QualityTools.Tips.UnitTest.Adapter, Version=10.0.0.0, Culture=neutral, PublicKeyToken=b03f5f7f11d50a3a" className="Miku.Client.Test.KBMActionRecorderLinqTest, Miku.Client.Test, Version=1.0.0.0, Culture=neutral, PublicKeyToken=null" name="AddMouseActionNodesToActionListTest" />
    </UnitTest>
    <UnitTest name="GetActionNodesTest" storage="g:\team\miku\simplemiku\simplemiku\miku.client.test\bin\debug\miku.client.test.dll" id="d208e47e-0502-18fe-7042-0afe8fb79b2d">
      <DeploymentItems>
        <DeploymentItem filename="Miku.Client.exe" />
      </DeploymentItems>
      <Execution id="9392bbb6-e655-4f7d-bb2e-27e0b4d71b07" />
      <TestMethod codeBase="G:/Team/Miku/SimpleMiku/SimpleMiku/Miku.Client.Test/bin/Debug/Miku.Client.Test.DLL" adapterTypeName="Microsoft.VisualStudio.TestTools.TestTypes.Unit.UnitTestAdapter, Microsoft.VisualStudio.QualityTools.Tips.UnitTest.Adapter, Version=10.0.0.0, Culture=neutral, PublicKeyToken=b03f5f7f11d50a3a" className="Miku.Client.Test.KBMActionRecorderLinqTest, Miku.Client.Test, Version=1.0.0.0, Culture=neutral, PublicKeyToken=null" name="GetActionNodesTest" />
    </UnitTest>
    <UnitTest name="GetDatasTest" storage="g:\team\miku\simplemiku\simplemiku\miku.client.test\bin\debug\miku.client.test.dll" id="084662be-b6c9-1804-888d-880232ba27fc">
      <Execution id="bf2f49dc-c3ed-4933-8b96-b5877b84c357" />
      <TestMethod codeBase="G:/Team/Miku/SimpleMiku/SimpleMiku/Miku.Client.Test/bin/Debug/Miku.Client.Test.DLL" adapterTypeName="Microsoft.VisualStudio.TestTools.TestTypes.Unit.UnitTestAdapter, Microsoft.VisualStudio.QualityTools.Tips.UnitTest.Adapter, Version=10.0.0.0, Culture=neutral, PublicKeyToken=b03f5f7f11d50a3a" className="Miku.Client.Test.KBActionRecorderLinqTest, Miku.Client.Test, Version=1.0.0.0, Culture=neutral, PublicKeyToken=null" name="GetDatasTest" />
    </UnitTest>
    <UnitTest name="KBMActionRecorderLinqConstructorTest" storage="g:\team\miku\simplemiku\simplemiku\miku.client.test\bin\debug\miku.client.test.dll" id="cdc4ca46-1f20-c5a9-28ec-4fe875b8bfe5">
      <Execution id="27ba59ed-0775-4314-988c-e5fba5b9eff7" />
      <TestMethod codeBase="G:/Team/Miku/SimpleMiku/SimpleMiku/Miku.Client.Test/bin/Debug/Miku.Client.Test.DLL" adapterTypeName="Microsoft.VisualStudio.TestTools.TestTypes.Unit.UnitTestAdapter, Microsoft.VisualStudio.QualityTools.Tips.UnitTest.Adapter, Version=10.0.0.0, Culture=neutral, PublicKeyToken=b03f5f7f11d50a3a" className="Miku.Client.Test.KBMActionRecorderLinqTest, Miku.Client.Test, Version=1.0.0.0, Culture=neutral, PublicKeyToken=null" name="KBMActionRecorderLinqConstructorTest" />
    </UnitTest>
    <UnitTest name="GetDatasTest" storage="g:\team\miku\simplemiku\simplemiku\miku.client.test\bin\debug\miku.client.test.dll" id="9ea538e5-c6a2-bf0c-dfff-7a76a8219328">
      <Execution id="d5527e55-ffa5-4e99-a102-f723b0689b4d" />
      <TestMethod codeBase="G:/Team/Miku/SimpleMiku/SimpleMiku/Miku.Client.Test/bin/Debug/Miku.Client.Test.DLL" adapterTypeName="Microsoft.VisualStudio.TestTools.TestTypes.Unit.UnitTestAdapter, Microsoft.VisualStudio.QualityTools.Tips.UnitTest.Adapter, Version=10.0.0.0, Culture=neutral, PublicKeyToken=b03f5f7f11d50a3a" className="Miku.Client.Test.KBMActionRecorderLinqTest, Miku.Client.Test, Version=1.0.0.0, Culture=neutral, PublicKeyToken=null" name="GetDatasTest" />
    </UnitTest>
    <UnitTest name="GetMouseActionDatasTest" storage="g:\team\miku\simplemiku\simplemiku\miku.client.test\bin\debug\miku.client.test.dll" id="0b610023-763f-5d2e-656a-3bc9cfba860b">
      <Execution id="a528cc83-322c-4804-bc40-b2715ed49a1e" />
      <TestMethod codeBase="G:/Team/Miku/SimpleMiku/SimpleMiku/Miku.Client.Test/bin/Debug/Miku.Client.Test.DLL" adapterTypeName="Microsoft.VisualStudio.TestTools.TestTypes.Unit.UnitTestAdapter, Microsoft.VisualStudio.QualityTools.Tips.UnitTest.Adapter, Version=10.0.0.0, Culture=neutral, PublicKeyToken=b03f5f7f11d50a3a" className="Miku.Client.Test.KBMActionRecorderLinqTest, Miku.Client.Test, Version=1.0.0.0, Culture=neutral, PublicKeyToken=null" name="GetMouseActionDatasTest" />
    </UnitTest>
    <UnitTest name="JudgeKeyeventTest" storage="g:\team\miku\simplemiku\simplemiku\miku.client.test\bin\debug\miku.client.test.dll" id="92c1c465-3330-37d4-5f36-7943d4cac84c">
      <DeploymentItems>
        <DeploymentItem filename="Miku.Client.exe" />
      </DeploymentItems>
      <Execution id="c84a2f2e-fd60-4af6-822e-6b9c69a36726" />
      <TestMethod codeBase="G:/Team/Miku/SimpleMiku/SimpleMiku/Miku.Client.Test/bin/Debug/Miku.Client.Test.DLL" adapterTypeName="Microsoft.VisualStudio.TestTools.TestTypes.Unit.UnitTestAdapter, Microsoft.VisualStudio.QualityTools.Tips.UnitTest.Adapter, Version=10.0.0.0, Culture=neutral, PublicKeyToken=b03f5f7f11d50a3a" className="Miku.Client.Test.KBActionRecorderLinqTest, Miku.Client.Test, Version=1.0.0.0, Culture=neutral, PublicKeyToken=null" name="JudgeKeyeventTest" />
    </UnitTest>
    <UnitTest name="MActionRecorderLinqConstructorTest" storage="g:\team\miku\simplemiku\simplemiku\miku.client.test\bin\debug\miku.client.test.dll" id="a29c449b-97e1-032e-d9f9-3d299f827d12">
      <Execution id="1f3591d0-a494-4c0e-93c3-3ae987bb2a11" />
      <TestMethod codeBase="G:/Team/Miku/SimpleMiku/SimpleMiku/Miku.Client.Test/bin/Debug/Miku.Client.Test.DLL" adapterTypeName="Microsoft.VisualStudio.TestTools.TestTypes.Unit.UnitTestAdapter, Microsoft.VisualStudio.QualityTools.Tips.UnitTest.Adapter, Version=10.0.0.0, Culture=neutral, PublicKeyToken=b03f5f7f11d50a3a" className="Miku.Client.Test.MActionRecorderLinqTest, Miku.Client.Test, Version=1.0.0.0, Culture=neutral, PublicKeyToken=null" name="MActionRecorderLinqConstructorTest" />
    </UnitTest>
    <UnitTest name="KBMActionRecorderLinqConstructorTest1" storage="g:\team\miku\simplemiku\simplemiku\miku.client.test\bin\debug\miku.client.test.dll" id="750e142f-11ed-3b17-0d7b-4a799a3fece7">
      <Execution id="a7bfa190-ba3e-4ee3-a849-b3517f375efb" />
      <TestMethod codeBase="G:/Team/Miku/SimpleMiku/SimpleMiku/Miku.Client.Test/bin/Debug/Miku.Client.Test.DLL" adapterTypeName="Microsoft.VisualStudio.TestTools.TestTypes.Unit.UnitTestAdapter, Microsoft.VisualStudio.QualityTools.Tips.UnitTest.Adapter, Version=10.0.0.0, Culture=neutral, PublicKeyToken=b03f5f7f11d50a3a" className="Miku.Client.Test.KBMActionRecorderLinqTest, Miku.Client.Test, Version=1.0.0.0, Culture=neutral, PublicKeyToken=null" name="KBMActionRecorderLinqConstructorTest1" />
    </UnitTest>
    <UnitTest name="GetMouseActionNodesTest" storage="g:\team\miku\simplemiku\simplemiku\miku.client.test\bin\debug\miku.client.test.dll" id="a1d9cf2f-ca94-1fa4-72e7-72f45e315643">
      <DeploymentItems>
        <DeploymentItem filename="Miku.Client.exe" />
      </DeploymentItems>
      <Execution id="5db98143-e5d4-44eb-b4dc-af88733f132f" />
      <TestMethod codeBase="G:/Team/Miku/SimpleMiku/SimpleMiku/Miku.Client.Test/bin/Debug/Miku.Client.Test.DLL" adapterTypeName="Microsoft.VisualStudio.TestTools.TestTypes.Unit.UnitTestAdapter, Microsoft.VisualStudio.QualityTools.Tips.UnitTest.Adapter, Version=10.0.0.0, Culture=neutral, PublicKeyToken=b03f5f7f11d50a3a" className="Miku.Client.Test.MActionRecorderLinqTest, Miku.Client.Test, Version=1.0.0.0, Culture=neutral, PublicKeyToken=null" name="GetMouseActionNodesTest" />
    </UnitTest>
    <UnitTest name="GetKeyboardActionDatasTest" storage="g:\team\miku\simplemiku\simplemiku\miku.client.test\bin\debug\miku.client.test.dll" id="ee7bda79-4244-6b77-1a5b-ea61dadeb9dc">
      <Execution id="5340948e-1de8-4929-880c-9d88ebf77388" />
      <TestMethod codeBase="G:/Team/Miku/SimpleMiku/SimpleMiku/Miku.Client.Test/bin/Debug/Miku.Client.Test.DLL" adapterTypeName="Microsoft.VisualStudio.TestTools.TestTypes.Unit.UnitTestAdapter, Microsoft.VisualStudio.QualityTools.Tips.UnitTest.Adapter, Version=10.0.0.0, Culture=neutral, PublicKeyToken=b03f5f7f11d50a3a" className="Miku.Client.Test.KBMActionRecorderLinqTest, Miku.Client.Test, Version=1.0.0.0, Culture=neutral, PublicKeyToken=null" name="GetKeyboardActionDatasTest" />
    </UnitTest>
    <UnitTest name="KBActionRecorderLinqConstructorTest" storage="g:\team\miku\simplemiku\simplemiku\miku.client.test\bin\debug\miku.client.test.dll" id="4c80526c-928a-67e8-a5d1-056865b5333e">
      <Execution id="e98c7ad6-a43f-4be0-aee5-8a5eb9302418" />
      <TestMethod codeBase="G:/Team/Miku/SimpleMiku/SimpleMiku/Miku.Client.Test/bin/Debug/Miku.Client.Test.DLL" adapterTypeName="Microsoft.VisualStudio.TestTools.TestTypes.Unit.UnitTestAdapter, Microsoft.VisualStudio.QualityTools.Tips.UnitTest.Adapter, Version=10.0.0.0, Culture=neutral, PublicKeyToken=b03f5f7f11d50a3a" className="Miku.Client.Test.KBActionRecorderLinqTest, Miku.Client.Test, Version=1.0.0.0, Culture=neutral, PublicKeyToken=null" name="KBActionRecorderLinqConstructorTest" />
    </UnitTest>
    <UnitTest name="AddKeyboradActionNodesToActionListTest" storage="g:\team\miku\simplemiku\simplemiku\miku.client.test\bin\debug\miku.client.test.dll" id="132ac66e-ad4c-b06e-9031-6ec6f3c38688">
      <DeploymentItems>
        <DeploymentItem filename="Miku.Client.exe" />
      </DeploymentItems>
      <Execution id="05ac9401-8c15-436c-98ba-e977e4ca3e94" />
      <TestMethod codeBase="G:/Team/Miku/SimpleMiku/SimpleMiku/Miku.Client.Test/bin/Debug/Miku.Client.Test.DLL" adapterTypeName="Microsoft.VisualStudio.TestTools.TestTypes.Unit.UnitTestAdapter, Microsoft.VisualStudio.QualityTools.Tips.UnitTest.Adapter, Version=10.0.0.0, Culture=neutral, PublicKeyToken=b03f5f7f11d50a3a" className="Miku.Client.Test.KBMActionRecorderLinqTest, Miku.Client.Test, Version=1.0.0.0, Culture=neutral, PublicKeyToken=null" name="AddKeyboradActionNodesToActionListTest" />
    </UnitTest>
    <UnitTest name="CodedUITestMethod1" storage="g:\team\miku\simplemiku\simplemiku\miku.client.test\bin\debug\miku.client.test.dll" id="d6cf0c8d-911e-3d4e-571c-aa95b2db1e06">
      <Execution id="ae989190-ea13-49ae-a725-89aacbcd02ae" />
      <TestMethod codeBase="G:/Team/Miku/SimpleMiku/SimpleMiku/Miku.Client.Test/bin/Debug/Miku.Client.Test.DLL" adapterTypeName="Microsoft.VisualStudio.TestTools.TestTypes.Unit.UnitTestAdapter, Microsoft.VisualStudio.QualityTools.Tips.UnitTest.Adapter, Version=10.0.0.0, Culture=neutral, PublicKeyToken=b03f5f7f11d50a3a" className="Miku.Client.Test.ActionViewUITest, Miku.Client.Test, Version=1.0.0.0, Culture=neutral, PublicKeyToken=null" name="CodedUITestMethod1" />
      <Extension>Microsoft.VisualStudio.TestTools.UITesting.CodedUITestAttribute, Microsoft.VisualStudio.QualityTools.CodedUITestFramework, Version=10.0.0.0, Culture=neutral, PublicKeyToken=b03f5f7f11d50a3a</Extension>
    </UnitTest>
    <UnitTest name="AddMouseActionNodesToActionListTest" storage="g:\team\miku\simplemiku\simplemiku\miku.client.test\bin\debug\miku.client.test.dll" id="2e20b2c8-e6e3-97e2-9e0e-f03237d81426">
      <DeploymentItems>
        <DeploymentItem filename="Miku.Client.exe" />
      </DeploymentItems>
      <Execution id="1208d59c-2ea8-4a1c-bcb9-d13e0469b624" />
      <TestMethod codeBase="G:/Team/Miku/SimpleMiku/SimpleMiku/Miku.Client.Test/bin/Debug/Miku.Client.Test.DLL" adapterTypeName="Microsoft.VisualStudio.TestTools.TestTypes.Unit.UnitTestAdapter, Microsoft.VisualStudio.QualityTools.Tips.UnitTest.Adapter, Version=10.0.0.0, Culture=neutral, PublicKeyToken=b03f5f7f11d50a3a" className="Miku.Client.Test.MActionRecorderLinqTest, Miku.Client.Test, Version=1.0.0.0, Culture=neutral, PublicKeyToken=null" name="AddMouseActionNodesToActionListTest" />
    </UnitTest>
    <UnitTest name="AddKeyboardActionToActionListTest" storage="g:\team\miku\simplemiku\simplemiku\miku.client.test\bin\debug\miku.client.test.dll" id="fdf602e7-0ace-dc3b-07fe-f6247be722fb">
      <DeploymentItems>
        <DeploymentItem filename="Miku.Client.exe" />
      </DeploymentItems>
      <Execution id="17391f4d-3535-4623-b94f-9a737214aa63" />
      <TestMethod codeBase="G:/Team/Miku/SimpleMiku/SimpleMiku/Miku.Client.Test/bin/Debug/Miku.Client.Test.DLL" adapterTypeName="Microsoft.VisualStudio.TestTools.TestTypes.Unit.UnitTestAdapter, Microsoft.VisualStudio.QualityTools.Tips.UnitTest.Adapter, Version=10.0.0.0, Culture=neutral, PublicKeyToken=b03f5f7f11d50a3a" className="Miku.Client.Test.KBMActionRecorderLinqTest, Miku.Client.Test, Version=1.0.0.0, Culture=neutral, PublicKeyToken=null" name="AddKeyboardActionToActionListTest" />
    </UnitTest>
    <UnitTest name="WriteDataTest" storage="g:\team\miku\simplemiku\simplemiku\miku.client.test\bin\debug\miku.client.test.dll" id="2b0f40a6-afeb-f090-9d77-5d7a6076bc9b">
      <Execution id="0a9d352b-c78c-4df6-8bb7-e6a6f1e0be5e" />
      <TestMethod codeBase="G:/Team/Miku/SimpleMiku/SimpleMiku/Miku.Client.Test/bin/Debug/Miku.Client.Test.DLL" adapterTypeName="Microsoft.VisualStudio.TestTools.TestTypes.Unit.UnitTestAdapter, Microsoft.VisualStudio.QualityTools.Tips.UnitTest.Adapter, Version=10.0.0.0, Culture=neutral, PublicKeyToken=b03f5f7f11d50a3a" className="Miku.Client.Test.MActionRecorderLinqTest, Miku.Client.Test, Version=1.0.0.0, Culture=neutral, PublicKeyToken=null" name="WriteDataTest" />
    </UnitTest>
    <UnitTest name="GetMouseActionNodesTest" storage="g:\team\miku\simplemiku\simplemiku\miku.client.test\bin\debug\miku.client.test.dll" id="6736eb01-a01b-c98c-c1fd-34538d7e9bd7">
      <DeploymentItems>
        <DeploymentItem filename="Miku.Client.exe" />
      </DeploymentItems>
      <Execution id="c5fc706e-60da-4a2d-8891-78bd23f75cd1" />
      <TestMethod codeBase="G:/Team/Miku/SimpleMiku/SimpleMiku/Miku.Client.Test/bin/Debug/Miku.Client.Test.DLL" adapterTypeName="Microsoft.VisualStudio.TestTools.TestTypes.Unit.UnitTestAdapter, Microsoft.VisualStudio.QualityTools.Tips.UnitTest.Adapter, Version=10.0.0.0, Culture=neutral, PublicKeyToken=b03f5f7f11d50a3a" className="Miku.Client.Test.KBMActionRecorderLinqTest, Miku.Client.Test, Version=1.0.0.0, Culture=neutral, PublicKeyToken=null" name="GetMouseActionNodesTest" />
    </UnitTest>
    <UnitTest name="WriteDataTest" storage="g:\team\miku\simplemiku\simplemiku\miku.client.test\bin\debug\miku.client.test.dll" id="49fd5275-6f51-7ac2-3d0f-ccea8fbc2f6f">
      <Execution id="f1ccc9db-fb54-40f4-b5fc-783ae08490da" />
      <TestMethod codeBase="G:/Team/Miku/SimpleMiku/SimpleMiku/Miku.Client.Test/bin/Debug/Miku.Client.Test.DLL" adapterTypeName="Microsoft.VisualStudio.TestTools.TestTypes.Unit.UnitTestAdapter, Microsoft.VisualStudio.QualityTools.Tips.UnitTest.Adapter, Version=10.0.0.0, Culture=neutral, PublicKeyToken=b03f5f7f11d50a3a" className="Miku.Client.Test.KBMActionRecorderLinqTest, Miku.Client.Test, Version=1.0.0.0, Culture=neutral, PublicKeyToken=null" name="WriteDataTest" />
    </UnitTest>
    <UnitTest name="CodedUITestMethod1" storage="g:\team\miku\simplemiku\simplemiku\miku.client.test\bin\debug\miku.client.test.dll" id="a64592c7-8c76-ac7e-feee-03282e5bd032">
      <Execution id="688ac469-57fa-461e-9397-59042647d3de" />
      <TestMethod codeBase="G:/Team/Miku/SimpleMiku/SimpleMiku/Miku.Client.Test/bin/Debug/Miku.Client.Test.DLL" adapterTypeName="Microsoft.VisualStudio.TestTools.TestTypes.Unit.UnitTestAdapter, Microsoft.VisualStudio.QualityTools.Tips.UnitTest.Adapter, Version=10.0.0.0, Culture=neutral, PublicKeyToken=b03f5f7f11d50a3a" className="Miku.Client.Test.CodedUITest1, Miku.Client.Test, Version=1.0.0.0, Culture=neutral, PublicKeyToken=null" name="CodedUITestMethod1" />
      <Extension>Microsoft.VisualStudio.TestTools.UITesting.CodedUITestAttribute, Microsoft.VisualStudio.QualityTools.CodedUITestFramework, Version=10.0.0.0, Culture=neutral, PublicKeyToken=b03f5f7f11d50a3a</Extension>
    </UnitTest>
    <UnitTest name="JudgeMouseeventTest" storage="g:\team\miku\simplemiku\simplemiku\miku.client.test\bin\debug\miku.client.test.dll" id="de8df89c-83bc-d6af-1f47-cccbd2125445">
      <DeploymentItems>
        <DeploymentItem filename="Miku.Client.exe" />
      </DeploymentItems>
      <Execution id="20a904ec-5711-491e-953d-da09addf7187" />
      <TestMethod codeBase="G:/Team/Miku/SimpleMiku/SimpleMiku/Miku.Client.Test/bin/Debug/Miku.Client.Test.DLL" adapterTypeName="Microsoft.VisualStudio.TestTools.TestTypes.Unit.UnitTestAdapter, Microsoft.VisualStudio.QualityTools.Tips.UnitTest.Adapter, Version=10.0.0.0, Culture=neutral, PublicKeyToken=b03f5f7f11d50a3a" className="Miku.Client.Test.KBMActionRecorderLinqTest, Miku.Client.Test, Version=1.0.0.0, Culture=neutral, PublicKeyToken=null" name="JudgeMouseeventTest" />
    </UnitTest>
    <UnitTest name="AddKeyboradActionNodesToActionListTest" storage="g:\team\miku\simplemiku\simplemiku\miku.client.test\bin\debug\miku.client.test.dll" id="1fde853e-d3df-281c-ce19-346306c66dc9">
      <DeploymentItems>
        <DeploymentItem filename="Miku.Client.exe" />
      </DeploymentItems>
      <Execution id="fd963460-f8c2-4b25-b9b9-0f1d37eca77b" />
      <TestMethod codeBase="G:/Team/Miku/SimpleMiku/SimpleMiku/Miku.Client.Test/bin/Debug/Miku.Client.Test.DLL" adapterTypeName="Microsoft.VisualStudio.TestTools.TestTypes.Unit.UnitTestAdapter, Microsoft.VisualStudio.QualityTools.Tips.UnitTest.Adapter, Version=10.0.0.0, Culture=neutral, PublicKeyToken=b03f5f7f11d50a3a" className="Miku.Client.Test.KBActionRecorderLinqTest, Miku.Client.Test, Version=1.0.0.0, Culture=neutral, PublicKeyToken=null" name="AddKeyboradActionNodesToActionListTest" />
    </UnitTest>
    <UnitTest name="AddMouseActionToActionListTest" storage="g:\team\miku\simplemiku\simplemiku\miku.client.test\bin\debug\miku.client.test.dll" id="a094cc17-cb88-3b4d-60bd-63dcadfedf53">
      <DeploymentItems>
        <DeploymentItem filename="Miku.Client.exe" />
      </DeploymentItems>
      <Execution id="719b9c3a-c030-48fd-9a30-eb38c2e4cc6c" />
      <TestMethod codeBase="G:/Team/Miku/SimpleMiku/SimpleMiku/Miku.Client.Test/bin/Debug/Miku.Client.Test.DLL" adapterTypeName="Microsoft.VisualStudio.TestTools.TestTypes.Unit.UnitTestAdapter, Microsoft.VisualStudio.QualityTools.Tips.UnitTest.Adapter, Version=10.0.0.0, Culture=neutral, PublicKeyToken=b03f5f7f11d50a3a" className="Miku.Client.Test.KBMActionRecorderLinqTest, Miku.Client.Test, Version=1.0.0.0, Culture=neutral, PublicKeyToken=null" name="AddMouseActionToActionListTest" />
    </UnitTest>
  </TestDefinitions>
  <TestLists>
    <TestList name="Results Not in a List" id="8c84fa94-04c1-424b-9868-57a2d4851a1d" />
    <TestList name="All Loaded Results" id="19431567-8539-422a-85d7-44ee4e166bda" />
  </TestLists>
  <TestEntries>
    <TestEntry testId="cdc4ca46-1f20-c5a9-28ec-4fe875b8bfe5" executionId="27ba59ed-0775-4314-988c-e5fba5b9eff7" testListId="8c84fa94-04c1-424b-9868-57a2d4851a1d" />
    <TestEntry testId="750e142f-11ed-3b17-0d7b-4a799a3fece7" executionId="a7bfa190-ba3e-4ee3-a849-b3517f375efb" testListId="8c84fa94-04c1-424b-9868-57a2d4851a1d" />
    <TestEntry testId="ce44d49a-bcb6-8223-08fe-e0e7025a1055" executionId="1ef1aad0-b98d-4984-8f5f-73f9666f3af9" testListId="8c84fa94-04c1-424b-9868-57a2d4851a1d" />
    <TestEntry testId="fdf602e7-0ace-dc3b-07fe-f6247be722fb" executionId="17391f4d-3535-4623-b94f-9a737214aa63" testListId="8c84fa94-04c1-424b-9868-57a2d4851a1d" />
    <TestEntry testId="132ac66e-ad4c-b06e-9031-6ec6f3c38688" executionId="05ac9401-8c15-436c-98ba-e977e4ca3e94" testListId="8c84fa94-04c1-424b-9868-57a2d4851a1d" />
    <TestEntry testId="4fd399ce-c2ac-ae35-baa9-1855299e1db7" executionId="01524c58-5efb-4dcb-9cbc-cdba00ff5ec6" testListId="8c84fa94-04c1-424b-9868-57a2d4851a1d" />
    <TestEntry testId="a094cc17-cb88-3b4d-60bd-63dcadfedf53" executionId="719b9c3a-c030-48fd-9a30-eb38c2e4cc6c" testListId="8c84fa94-04c1-424b-9868-57a2d4851a1d" />
    <TestEntry testId="d208e47e-0502-18fe-7042-0afe8fb79b2d" executionId="9392bbb6-e655-4f7d-bb2e-27e0b4d71b07" testListId="8c84fa94-04c1-424b-9868-57a2d4851a1d" />
    <TestEntry testId="9ea538e5-c6a2-bf0c-dfff-7a76a8219328" executionId="d5527e55-ffa5-4e99-a102-f723b0689b4d" testListId="8c84fa94-04c1-424b-9868-57a2d4851a1d" />
    <TestEntry testId="ee7bda79-4244-6b77-1a5b-ea61dadeb9dc" executionId="5340948e-1de8-4929-880c-9d88ebf77388" testListId="8c84fa94-04c1-424b-9868-57a2d4851a1d" />
    <TestEntry testId="e12cffd0-a277-ce4a-73f5-bb421ed2903f" executionId="6116df2b-4284-4326-a6e9-c161d8a0c280" testListId="8c84fa94-04c1-424b-9868-57a2d4851a1d" />
    <TestEntry testId="0b610023-763f-5d2e-656a-3bc9cfba860b" executionId="a528cc83-322c-4804-bc40-b2715ed49a1e" testListId="8c84fa94-04c1-424b-9868-57a2d4851a1d" />
    <TestEntry testId="6736eb01-a01b-c98c-c1fd-34538d7e9bd7" executionId="c5fc706e-60da-4a2d-8891-78bd23f75cd1" testListId="8c84fa94-04c1-424b-9868-57a2d4851a1d" />
    <TestEntry testId="074d3a28-d150-b66f-57b9-7e0da040bdd8" executionId="c9ba8bde-7a50-4f2e-998e-3b6d46a126ea" testListId="8c84fa94-04c1-424b-9868-57a2d4851a1d" />
    <TestEntry testId="de8df89c-83bc-d6af-1f47-cccbd2125445" executionId="20a904ec-5711-491e-953d-da09addf7187" testListId="8c84fa94-04c1-424b-9868-57a2d4851a1d" />
    <TestEntry testId="49fd5275-6f51-7ac2-3d0f-ccea8fbc2f6f" executionId="f1ccc9db-fb54-40f4-b5fc-783ae08490da" testListId="8c84fa94-04c1-424b-9868-57a2d4851a1d" />
    <TestEntry testId="823f77e3-d0e6-dd11-9826-7284ca01aa9f" executionId="c017741d-9662-4be4-9202-0b08422b46a8" testListId="8c84fa94-04c1-424b-9868-57a2d4851a1d" />
    <TestEntry testId="a29c449b-97e1-032e-d9f9-3d299f827d12" executionId="1f3591d0-a494-4c0e-93c3-3ae987bb2a11" testListId="8c84fa94-04c1-424b-9868-57a2d4851a1d" />
    <TestEntry testId="4f405f52-5a9f-3228-892f-0d0cc709508e" executionId="98e7a4c8-4dd8-474e-ac1e-7a189e4059f7" testListId="8c84fa94-04c1-424b-9868-57a2d4851a1d" />
    <TestEntry testId="2e20b2c8-e6e3-97e2-9e0e-f03237d81426" executionId="1208d59c-2ea8-4a1c-bcb9-d13e0469b624" testListId="8c84fa94-04c1-424b-9868-57a2d4851a1d" />
    <TestEntry testId="7edec188-4dd0-83ec-7689-4d107522630b" executionId="c64e100d-b37c-45c7-8201-395ad9a8f9fc" testListId="8c84fa94-04c1-424b-9868-57a2d4851a1d" />
    <TestEntry testId="a1d9cf2f-ca94-1fa4-72e7-72f45e315643" executionId="5db98143-e5d4-44eb-b4dc-af88733f132f" testListId="8c84fa94-04c1-424b-9868-57a2d4851a1d" />
    <TestEntry testId="359dce17-c496-3826-0655-d0a5251ff195" executionId="e6c4aca7-60c2-48cd-9844-16f6ba8500c1" testListId="8c84fa94-04c1-424b-9868-57a2d4851a1d" />
    <TestEntry testId="2b0f40a6-afeb-f090-9d77-5d7a6076bc9b" executionId="0a9d352b-c78c-4df6-8bb7-e6a6f1e0be5e" testListId="8c84fa94-04c1-424b-9868-57a2d4851a1d" />
    <TestEntry testId="4c80526c-928a-67e8-a5d1-056865b5333e" executionId="e98c7ad6-a43f-4be0-aee5-8a5eb9302418" testListId="8c84fa94-04c1-424b-9868-57a2d4851a1d" />
    <TestEntry testId="1fde853e-d3df-281c-ce19-346306c66dc9" executionId="fd963460-f8c2-4b25-b9b9-0f1d37eca77b" testListId="8c84fa94-04c1-424b-9868-57a2d4851a1d" />
    <TestEntry testId="084662be-b6c9-1804-888d-880232ba27fc" executionId="bf2f49dc-c3ed-4933-8b96-b5877b84c357" testListId="8c84fa94-04c1-424b-9868-57a2d4851a1d" />
    <TestEntry testId="f24fc520-1e6a-d441-0991-43324cf01c81" executionId="fd4b8da6-910b-4f3c-a5e6-03017e82a3a9" testListId="8c84fa94-04c1-424b-9868-57a2d4851a1d" />
    <TestEntry testId="92c1c465-3330-37d4-5f36-7943d4cac84c" executionId="c84a2f2e-fd60-4af6-822e-6b9c69a36726" testListId="8c84fa94-04c1-424b-9868-57a2d4851a1d" />
    <TestEntry testId="2a3e0824-7372-7203-e1d6-a28be058ab98" executionId="11870a51-3651-4789-a381-15ee6dd68dfd" testListId="8c84fa94-04c1-424b-9868-57a2d4851a1d" />
    <TestEntry testId="a64592c7-8c76-ac7e-feee-03282e5bd032" executionId="688ac469-57fa-461e-9397-59042647d3de" testListId="8c84fa94-04c1-424b-9868-57a2d4851a1d" />
    <TestEntry testId="d6cf0c8d-911e-3d4e-571c-aa95b2db1e06" executionId="ae989190-ea13-49ae-a725-89aacbcd02ae" testListId="8c84fa94-04c1-424b-9868-57a2d4851a1d" />
  </TestEntries>
  <Results>
    <UnitTestResult executionId="27ba59ed-0775-4314-988c-e5fba5b9eff7" testId="cdc4ca46-1f20-c5a9-28ec-4fe875b8bfe5" testName="KBMActionRecorderLinqConstructorTest" computerName="WIN-XSH" testType="13cdc9d9-ddb5-4fa4-a97d-d965ccfc6d4b" outcome="NotExecuted" testListId="8c84fa94-04c1-424b-9868-57a2d4851a1d" relativeResultsDirectory="27ba59ed-0775-4314-988c-e5fba5b9eff7">
    </UnitTestResult>
    <UnitTestResult executionId="a7bfa190-ba3e-4ee3-a849-b3517f375efb" testId="750e142f-11ed-3b17-0d7b-4a799a3fece7" testName="KBMActionRecorderLinqConstructorTest1" computerName="WIN-XSH" testType="13cdc9d9-ddb5-4fa4-a97d-d965ccfc6d4b" outcome="NotExecuted" testListId="8c84fa94-04c1-424b-9868-57a2d4851a1d" relativeResultsDirectory="a7bfa190-ba3e-4ee3-a849-b3517f375efb">
    </UnitTestResult>
    <UnitTestResult executionId="1ef1aad0-b98d-4984-8f5f-73f9666f3af9" testId="ce44d49a-bcb6-8223-08fe-e0e7025a1055" testName="AddActionNodesToActionListTest" computerName="WIN-XSH" testType="13cdc9d9-ddb5-4fa4-a97d-d965ccfc6d4b" outcome="NotExecuted" testListId="8c84fa94-04c1-424b-9868-57a2d4851a1d" relativeResultsDirectory="1ef1aad0-b98d-4984-8f5f-73f9666f3af9">
    </UnitTestResult>
    <UnitTestResult executionId="17391f4d-3535-4623-b94f-9a737214aa63" testId="fdf602e7-0ace-dc3b-07fe-f6247be722fb" testName="AddKeyboardActionToActionListTest" computerName="WIN-XSH" testType="13cdc9d9-ddb5-4fa4-a97d-d965ccfc6d4b" outcome="NotExecuted" testListId="8c84fa94-04c1-424b-9868-57a2d4851a1d" relativeResultsDirectory="17391f4d-3535-4623-b94f-9a737214aa63">
    </UnitTestResult>
    <UnitTestResult executionId="05ac9401-8c15-436c-98ba-e977e4ca3e94" testId="132ac66e-ad4c-b06e-9031-6ec6f3c38688" testName="AddKeyboradActionNodesToActionListTest" computerName="WIN-XSH" testType="13cdc9d9-ddb5-4fa4-a97d-d965ccfc6d4b" outcome="NotExecuted" testListId="8c84fa94-04c1-424b-9868-57a2d4851a1d" relativeResultsDirectory="05ac9401-8c15-436c-98ba-e977e4ca3e94">
    </UnitTestResult>
    <UnitTestResult executionId="01524c58-5efb-4dcb-9cbc-cdba00ff5ec6" testId="4fd399ce-c2ac-ae35-baa9-1855299e1db7" testName="AddMouseActionNodesToActionListTest" computerName="WIN-XSH" testType="13cdc9d9-ddb5-4fa4-a97d-d965ccfc6d4b" outcome="NotExecuted" testListId="8c84fa94-04c1-424b-9868-57a2d4851a1d" relativeResultsDirectory="01524c58-5efb-4dcb-9cbc-cdba00ff5ec6">
    </UnitTestResult>
    <UnitTestResult executionId="719b9c3a-c030-48fd-9a30-eb38c2e4cc6c" testId="a094cc17-cb88-3b4d-60bd-63dcadfedf53" testName="AddMouseActionToActionListTest" computerName="WIN-XSH" testType="13cdc9d9-ddb5-4fa4-a97d-d965ccfc6d4b" outcome="NotExecuted" testListId="8c84fa94-04c1-424b-9868-57a2d4851a1d" relativeResultsDirectory="719b9c3a-c030-48fd-9a30-eb38c2e4cc6c">
    </UnitTestResult>
    <UnitTestResult executionId="9392bbb6-e655-4f7d-bb2e-27e0b4d71b07" testId="d208e47e-0502-18fe-7042-0afe8fb79b2d" testName="GetActionNodesTest" computerName="WIN-XSH" testType="13cdc9d9-ddb5-4fa4-a97d-d965ccfc6d4b" outcome="NotExecuted" testListId="8c84fa94-04c1-424b-9868-57a2d4851a1d" relativeResultsDirectory="9392bbb6-e655-4f7d-bb2e-27e0b4d71b07">
    </UnitTestResult>
    <UnitTestResult executionId="d5527e55-ffa5-4e99-a102-f723b0689b4d" testId="9ea538e5-c6a2-bf0c-dfff-7a76a8219328" testName="GetDatasTest" computerName="WIN-XSH" testType="13cdc9d9-ddb5-4fa4-a97d-d965ccfc6d4b" outcome="NotExecuted" testListId="8c84fa94-04c1-424b-9868-57a2d4851a1d" relativeResultsDirectory="d5527e55-ffa5-4e99-a102-f723b0689b4d">
    </UnitTestResult>
    <UnitTestResult executionId="5340948e-1de8-4929-880c-9d88ebf77388" testId="ee7bda79-4244-6b77-1a5b-ea61dadeb9dc" testName="GetKeyboardActionDatasTest" computerName="WIN-XSH" testType="13cdc9d9-ddb5-4fa4-a97d-d965ccfc6d4b" outcome="NotExecuted" testListId="8c84fa94-04c1-424b-9868-57a2d4851a1d" relativeResultsDirectory="5340948e-1de8-4929-880c-9d88ebf77388">
    </UnitTestResult>
    <UnitTestResult executionId="6116df2b-4284-4326-a6e9-c161d8a0c280" testId="e12cffd0-a277-ce4a-73f5-bb421ed2903f" testName="GetKeyboradActionNodesTest" computerName="WIN-XSH" testType="13cdc9d9-ddb5-4fa4-a97d-d965ccfc6d4b" outcome="NotExecuted" testListId="8c84fa94-04c1-424b-9868-57a2d4851a1d" relativeResultsDirectory="6116df2b-4284-4326-a6e9-c161d8a0c280">
    </UnitTestResult>
    <UnitTestResult executionId="a528cc83-322c-4804-bc40-b2715ed49a1e" testId="0b610023-763f-5d2e-656a-3bc9cfba860b" testName="GetMouseActionDatasTest" computerName="WIN-XSH" testType="13cdc9d9-ddb5-4fa4-a97d-d965ccfc6d4b" outcome="NotExecuted" testListId="8c84fa94-04c1-424b-9868-57a2d4851a1d" relativeResultsDirectory="a528cc83-322c-4804-bc40-b2715ed49a1e">
    </UnitTestResult>
    <UnitTestResult executionId="c5fc706e-60da-4a2d-8891-78bd23f75cd1" testId="6736eb01-a01b-c98c-c1fd-34538d7e9bd7" testName="GetMouseActionNodesTest" computerName="WIN-XSH" testType="13cdc9d9-ddb5-4fa4-a97d-d965ccfc6d4b" outcome="NotExecuted" testListId="8c84fa94-04c1-424b-9868-57a2d4851a1d" relativeResultsDirectory="c5fc706e-60da-4a2d-8891-78bd23f75cd1">
    </UnitTestResult>
    <UnitTestResult executionId="c9ba8bde-7a50-4f2e-998e-3b6d46a126ea" testId="074d3a28-d150-b66f-57b9-7e0da040bdd8" testName="JudgeKeyeventTest" computerName="WIN-XSH" testType="13cdc9d9-ddb5-4fa4-a97d-d965ccfc6d4b" outcome="NotExecuted" testListId="8c84fa94-04c1-424b-9868-57a2d4851a1d" relativeResultsDirectory="c9ba8bde-7a50-4f2e-998e-3b6d46a126ea">
    </UnitTestResult>
    <UnitTestResult executionId="20a904ec-5711-491e-953d-da09addf7187" testId="de8df89c-83bc-d6af-1f47-cccbd2125445" testName="JudgeMouseeventTest" computerName="WIN-XSH" testType="13cdc9d9-ddb5-4fa4-a97d-d965ccfc6d4b" outcome="NotExecuted" testListId="8c84fa94-04c1-424b-9868-57a2d4851a1d" relativeResultsDirectory="20a904ec-5711-491e-953d-da09addf7187">
    </UnitTestResult>
    <UnitTestResult executionId="f1ccc9db-fb54-40f4-b5fc-783ae08490da" testId="49fd5275-6f51-7ac2-3d0f-ccea8fbc2f6f" testName="WriteDataTest" computerName="WIN-XSH" testType="13cdc9d9-ddb5-4fa4-a97d-d965ccfc6d4b" outcome="NotExecuted" testListId="8c84fa94-04c1-424b-9868-57a2d4851a1d" relativeResultsDirectory="f1ccc9db-fb54-40f4-b5fc-783ae08490da">
    </UnitTestResult>
    <UnitTestResult executionId="c017741d-9662-4be4-9202-0b08422b46a8" testId="823f77e3-d0e6-dd11-9826-7284ca01aa9f" testName="WriteDataTest1" computerName="WIN-XSH" testType="13cdc9d9-ddb5-4fa4-a97d-d965ccfc6d4b" outcome="NotExecuted" testListId="8c84fa94-04c1-424b-9868-57a2d4851a1d" relativeResultsDirectory="c017741d-9662-4be4-9202-0b08422b46a8">
    </UnitTestResult>
    <UnitTestResult executionId="1f3591d0-a494-4c0e-93c3-3ae987bb2a11" testId="a29c449b-97e1-032e-d9f9-3d299f827d12" testName="MActionRecorderLinqConstructorTest" computerName="WIN-XSH" testType="13cdc9d9-ddb5-4fa4-a97d-d965ccfc6d4b" outcome="NotExecuted" testListId="8c84fa94-04c1-424b-9868-57a2d4851a1d" relativeResultsDirectory="1f3591d0-a494-4c0e-93c3-3ae987bb2a11">
    </UnitTestResult>
    <UnitTestResult executionId="98e7a4c8-4dd8-474e-ac1e-7a189e4059f7" testId="4f405f52-5a9f-3228-892f-0d0cc709508e" testName="MActionRecorderLinqConstructorTest1" computerName="WIN-XSH" testType="13cdc9d9-ddb5-4fa4-a97d-d965ccfc6d4b" outcome="NotExecuted" testListId="8c84fa94-04c1-424b-9868-57a2d4851a1d" relativeResultsDirectory="98e7a4c8-4dd8-474e-ac1e-7a189e4059f7">
    </UnitTestResult>
    <UnitTestResult executionId="1208d59c-2ea8-4a1c-bcb9-d13e0469b624" testId="2e20b2c8-e6e3-97e2-9e0e-f03237d81426" testName="AddMouseActionNodesToActionListTest" computerName="WIN-XSH" testType="13cdc9d9-ddb5-4fa4-a97d-d965ccfc6d4b" outcome="NotExecuted" testListId="8c84fa94-04c1-424b-9868-57a2d4851a1d" relativeResultsDirectory="1208d59c-2ea8-4a1c-bcb9-d13e0469b624">
    </UnitTestResult>
    <UnitTestResult executionId="c64e100d-b37c-45c7-8201-395ad9a8f9fc" testId="7edec188-4dd0-83ec-7689-4d107522630b" testName="GetDatasTest" computerName="WIN-XSH" testType="13cdc9d9-ddb5-4fa4-a97d-d965ccfc6d4b" outcome="NotExecuted" testListId="8c84fa94-04c1-424b-9868-57a2d4851a1d" relativeResultsDirectory="c64e100d-b37c-45c7-8201-395ad9a8f9fc">
    </UnitTestResult>
    <UnitTestResult executionId="5db98143-e5d4-44eb-b4dc-af88733f132f" testId="a1d9cf2f-ca94-1fa4-72e7-72f45e315643" testName="GetMouseActionNodesTest" computerName="WIN-XSH" testType="13cdc9d9-ddb5-4fa4-a97d-d965ccfc6d4b" outcome="NotExecuted" testListId="8c84fa94-04c1-424b-9868-57a2d4851a1d" relativeResultsDirectory="5db98143-e5d4-44eb-b4dc-af88733f132f">
    </UnitTestResult>
    <UnitTestResult executionId="e6c4aca7-60c2-48cd-9844-16f6ba8500c1" testId="359dce17-c496-3826-0655-d0a5251ff195" testName="JudgeMouseeventTest" computerName="WIN-XSH" testType="13cdc9d9-ddb5-4fa4-a97d-d965ccfc6d4b" outcome="NotExecuted" testListId="8c84fa94-04c1-424b-9868-57a2d4851a1d" relativeResultsDirectory="e6c4aca7-60c2-48cd-9844-16f6ba8500c1">
    </UnitTestResult>
    <UnitTestResult executionId="0a9d352b-c78c-4df6-8bb7-e6a6f1e0be5e" testId="2b0f40a6-afeb-f090-9d77-5d7a6076bc9b" testName="WriteDataTest" computerName="WIN-XSH" testType="13cdc9d9-ddb5-4fa4-a97d-d965ccfc6d4b" outcome="NotExecuted" testListId="8c84fa94-04c1-424b-9868-57a2d4851a1d" relativeResultsDirectory="0a9d352b-c78c-4df6-8bb7-e6a6f1e0be5e">
    </UnitTestResult>
    <UnitTestResult executionId="e98c7ad6-a43f-4be0-aee5-8a5eb9302418" testId="4c80526c-928a-67e8-a5d1-056865b5333e" testName="KBActionRecorderLinqConstructorTest" computerName="WIN-XSH" testType="13cdc9d9-ddb5-4fa4-a97d-d965ccfc6d4b" outcome="NotExecuted" testListId="8c84fa94-04c1-424b-9868-57a2d4851a1d" relativeResultsDirectory="e98c7ad6-a43f-4be0-aee5-8a5eb9302418">
    </UnitTestResult>
    <UnitTestResult executionId="fd963460-f8c2-4b25-b9b9-0f1d37eca77b" testId="1fde853e-d3df-281c-ce19-346306c66dc9" testName="AddKeyboradActionNodesToActionListTest" computerName="WIN-XSH" testType="13cdc9d9-ddb5-4fa4-a97d-d965ccfc6d4b" outcome="NotExecuted" testListId="8c84fa94-04c1-424b-9868-57a2d4851a1d" relativeResultsDirectory="fd963460-f8c2-4b25-b9b9-0f1d37eca77b">
    </UnitTestResult>
    <UnitTestResult executionId="bf2f49dc-c3ed-4933-8b96-b5877b84c357" testId="084662be-b6c9-1804-888d-880232ba27fc" testName="GetDatasTest" computerName="WIN-XSH" testType="13cdc9d9-ddb5-4fa4-a97d-d965ccfc6d4b" outcome="NotExecuted" testListId="8c84fa94-04c1-424b-9868-57a2d4851a1d" relativeResultsDirectory="bf2f49dc-c3ed-4933-8b96-b5877b84c357">
    </UnitTestResult>
    <UnitTestResult executionId="fd4b8da6-910b-4f3c-a5e6-03017e82a3a9" testId="f24fc520-1e6a-d441-0991-43324cf01c81" testName="GetKeyboradActionNodesTest" computerName="WIN-XSH" testType="13cdc9d9-ddb5-4fa4-a97d-d965ccfc6d4b" outcome="NotExecuted" testListId="8c84fa94-04c1-424b-9868-57a2d4851a1d" relativeResultsDirectory="fd4b8da6-910b-4f3c-a5e6-03017e82a3a9">
    </UnitTestResult>
    <UnitTestResult executionId="c84a2f2e-fd60-4af6-822e-6b9c69a36726" testId="92c1c465-3330-37d4-5f36-7943d4cac84c" testName="JudgeKeyeventTest" computerName="WIN-XSH" testType="13cdc9d9-ddb5-4fa4-a97d-d965ccfc6d4b" outcome="NotExecuted" testListId="8c84fa94-04c1-424b-9868-57a2d4851a1d" relativeResultsDirectory="c84a2f2e-fd60-4af6-822e-6b9c69a36726">
    </UnitTestResult>
    <UnitTestResult executionId="11870a51-3651-4789-a381-15ee6dd68dfd" testId="2a3e0824-7372-7203-e1d6-a28be058ab98" testName="WriteDataTest" computerName="WIN-XSH" testType="13cdc9d9-ddb5-4fa4-a97d-d965ccfc6d4b" outcome="NotExecuted" testListId="8c84fa94-04c1-424b-9868-57a2d4851a1d" relativeResultsDirectory="11870a51-3651-4789-a381-15ee6dd68dfd">
    </UnitTestResult>
    <UnitTestResult executionId="688ac469-57fa-461e-9397-59042647d3de" testId="a64592c7-8c76-ac7e-feee-03282e5bd032" testName="CodedUITestMethod1" computerName="WIN-XSH" testType="13cdc9d9-ddb5-4fa4-a97d-d965ccfc6d4b" outcome="NotExecuted" testListId="8c84fa94-04c1-424b-9868-57a2d4851a1d" relativeResultsDirectory="688ac469-57fa-461e-9397-59042647d3de">
    </UnitTestResult>
    <UnitTestResult executionId="ae989190-ea13-49ae-a725-89aacbcd02ae" testId="d6cf0c8d-911e-3d4e-571c-aa95b2db1e06" testName="CodedUITestMethod1" computerName="WIN-XSH" testType="13cdc9d9-ddb5-4fa4-a97d-d965ccfc6d4b" outcome="NotExecuted" testListId="8c84fa94-04c1-424b-9868-57a2d4851a1d" relativeResultsDirectory="ae989190-ea13-49ae-a725-89aacbcd02ae">
    </UnitTestResult>
  </Results>
</TestRun>